07/01/08, 11:02:42, 4, 0, D:\Develop\Microsoft Visual Studio 6\Projects\BWG\BWG Waste Data Form AP\Reports\WasteRequest.rpt:Error detected by database DLL.
07/01/08, 11:07:16, 4, 0, D:\Develop\Microsoft Visual Studio 6\Projects\BWG\BWG Waste Data Form AP\Reports\WasteRequest.rpt:Error detected by database DLL.
07/01/08, 11:08:44, 4, 0, D:\Develop\Microsoft Visual Studio 6\Projects\BWG\BWG Waste Data Form AP\Reports\WasteRequest.rpt:Error detected by database DLL.
07/01/08, 11:32:07, 4, 0, D:\Develop\Microsoft Visual Studio 6\Projects\BWG\BWG Waste Data Form AP\Reports\WasteRequest.rpt:This field name is not known.
07/01/08, 11:32:07, 4, 0, D:\Develop\Microsoft Visual Studio 6\Projects\BWG\BWG Waste Data Form AP\Reports\WasteRequest.rpt:This field name is not known.
07/01/08, 11:32:07, 4, 0, D:\Develop\Microsoft Visual Studio 6\Projects\BWG\BWG Waste Data Form AP\Reports\WasteRequest.rpt:This field name is not known.
08/23/08, 09:53:12, 4, 0, E:\Z_C_BWG\BWG Waste Data Form AP\Reports\WasteRequest.rpt:Invalid report version.
08/23/08, 09:53:12, 4, 0, E:\Z_C_BWG\BWG Waste Data Form AP\Reports\WasteRequest.rpt:Invalid report version.
09/17/08, 13:00:01, 4, 0, E:\Z_C_BWG\BWG Waste Data Form AP\Reports\WasteDataForm.rpt:Server has not yet been opened.
09/17/08, 16:31:31, 4, 0, E:\Z_C_BWG\BWG Waste Data Form AP\Reports\WasteDataForm.rpt:Server has not yet been opened.
02/07/58, 12:03:44, 4, 0, D:\Source\VisualStudio6\BWG\BWG_WasteData\Reports\WasteDataAnalysis.rpt:Server has not yet been opened.
02/07/58, 13:33:35, 4, 0, D:\Source\VisualStudio6\BWG\BWG_WasteData\Reports\WasteDataAnalysis.rpt:Server has not yet been opened.
08/07/58, 9:38:59, 4, 0, D:\Source\VisualStudio6\BWG\BWG_WasteData\Reports\WasteDataAnalysis.rpt:Server has not yet been opened.
08/07/58, 9:39:06, 4, 0, D:\Source\VisualStudio6\BWG\BWG_WasteData\Reports\WasteAnalysis.rpt:Server has not yet been opened.
08/07/58, 9:39:28, 4, 0, D:\Source\VisualStudio6\BWG\BWG_WasteData\Reports\WasteDataAnalysis.rpt:Server has not yet been opened.
08/07/58, 9:40:27, 4, 0, D:\Source\VisualStudio6\BWG\BWG_WasteData\Reports\WasteAnalysis.rpt:Error detected by database DLL.
19/8/2558, 9:08:09, 4, 0, D:\Source\VisualStudio6\BWG\BWG_WasteData\Reports\WasteAnalysis.rpt:This field name is not known.
19/8/2558, 9:08:30, 4, 0, D:\Source\VisualStudio6\BWG\BWG_WasteData\Reports\WasteAnalysis.rpt:This field name is not known.
19/8/2558, 9:11:55, 4, 0, D:\Source\VisualStudio6\BWG\BWG_WasteData\Reports\WasteAnalysis.rpt:This field name is not known.
19/8/2558, 9:15:08, 4, 0, D:\Source\VisualStudio6\BWG\BWG_WasteData\Reports\WasteAnalysis.rpt:This field name is not known.
23/05/2560, 8:50:41, 4, 0, D:\Source\VisualStudio6\BWG\BWG_WasteData\Reports\WasteAnalysis.rpt:Bad number format string.
24/07/2561, 8:42:21, 4, 0, D:\Source\VisualStudio6\BWG\BWG_WasteData\Reports\WasteDataAnalysis.rpt:Bad number format string.
24/07/2561, 8:44:33, 4, 0, D:\Source\VisualStudio6\BWG\BWG_WasteData\Reports\WasteDataAnalysis.rpt:Bad number format string.
26/08/2563, 10:13:36, 4, 0, D:\Source\AKPApp\VisualStudio6\BWG\BWG_WasteData\Reports\ExtractionReport.rpt:Error detected by database DLL.
26/08/2563, 10:15:45, 4, 0, D:\Source\AKPApp\VisualStudio6\BWG\BWG_WasteData\Reports\ExtractionReport.rpt:Error detected by database DLL.
26/08/2563, 10:16:06, 4, 0, D:\Source\AKPApp\VisualStudio6\BWG\BWG_WasteData\Reports\ExtractionReport.rpt:Error detected by database DLL.
26/08/2563, 10:16:54, 4, 0, D:\Source\AKPApp\VisualStudio6\BWG\BWG_WasteData\Reports\ExtractionReport.rpt:Error detected by database DLL.
11/03/2564, 13:54:28, 4, 0, D:\Source\AKPApp\VisualStudio6\BWG\BWG_WasteData\Reports\WasteDataAnalysis.rpt:Error detected by database DLL.
11/03/2564, 13:54:44, 4, 0, D:\Source\AKPApp\VisualStudio6\BWG\BWG_WasteData\Reports\WasteDataAnalysis.rpt:Error detected by database DLL.
11/03/2564, 13:55:06, 4, 0, D:\Source\AKPApp\VisualStudio6\BWG\BWG_WasteData\Reports\WasteDataAnalysis.rpt:Error detected by database DLL.
11/03/2564, 13:55:06, 4, 0, D:\Source\AKPApp\VisualStudio6\BWG\BWG_WasteData\Reports\WasteDataAnalysis.rpt:Error detected by database DLL.
11/03/2564, 13:55:20, 4, 0, D:\Source\AKPApp\VisualStudio6\BWG\BWG_WasteData\Reports\WasteDataAnalysis.rpt:Error detected by database DLL.
11/03/2564, 14:04:59, 4, 0, D:\Source\AKPApp\VisualStudio6\BWG\BWG_WasteData\Reports\WasteDataAnalysis.rpt:Error detected by database DLL.
11/03/2564, 14:05:20, 4, 0, D:\Source\AKPApp\VisualStudio6\BWG\BWG_WasteData\Reports\WasteDataAnalysis.rpt:Error detected by database DLL.
11/03/2564, 14:06:54, 4, 0, D:\Source\AKPApp\VisualStudio6\BWG\BWG_WasteData\Reports\WasteDataAnalysis.rpt:Error detected by database DLL.
19/07/2564, 15:52:08, 4, 0, D:\Source\AKPApp\VisualStudio6\BWG\BWG_WasteData - Copy\Reports\ExtractionReport.rpt:This field name is not known.
19/07/2564, 15:56:30, 4, 0, D:\Source\AKPApp\VisualStudio6\BWG\BWG_WasteData - Copy\Reports\ExtractionReport.rpt:Too many arguments have been given to this function.
19/07/2564, 15:58:58, 4, 0, D:\Source\AKPApp\VisualStudio6\BWG\BWG_WasteData - Copy\Reports\ExtractionReport.rpt:Too many arguments have been given to this function.
19/07/2564, 16:01:08, 4, 0, D:\Source\AKPApp\VisualStudio6\BWG\BWG_WasteData - Copy\Reports\ExtractionReport.rpt:This field name is not known.
19/07/2564, 16:03:19, 4, 0, D:\Source\AKPApp\VisualStudio6\BWG\BWG_WasteData - Copy\Reports\ExtractionReport.rpt:This field name is not known.
19/07/2564, 16:04:17, 4, 0, D:\Source\AKPApp\VisualStudio6\BWG\BWG_WasteData - Copy\Reports\ExtractionReport.rpt:This field name is not known.
19/07/2564, 16:05:05, 4, 0, D:\Source\AKPApp\VisualStudio6\BWG\BWG_WasteData - Copy\Reports\ExtractionReport.rpt:This field name is not known.
13/06/2565, 10:20:31, 4, 0, D:\Source\AKPApp\VisualStudio6\BWG\BWG_WasteData\Reports\WasteAnalysisAPNew.rpt:Invalid report version.
13/06/2565, 10:20:31, 4, 0, D:\Source\AKPApp\VisualStudio6\BWG\BWG_WasteData\Reports\WasteAnalysisAPNew.rpt:Invalid report version.
13/06/2565, 10:22:23, 4, 0, D:\Source\AKPApp\VisualStudio6\BWG\BWG_WasteData\Reports\WasteAnalysisAPNew.rpt:Invalid report version.
13/06/2565, 10:22:23, 4, 0, D:\Source\AKPApp\VisualStudio6\BWG\BWG_WasteData\Reports\WasteAnalysisAPNew.rpt:Invalid report version.
13/06/2565, 10:22:36, 4, 0, D:\Source\AKPApp\VisualStudio6\BWG\BWG_WasteData\Reports\WasteAnalysisAPNew.rpt:Invalid report version.
13/06/2565, 10:23:06, 4, 0, D:\Source\AKPApp\VisualStudio6\BWG\BWG_WasteData\Reports\WasteAnalysisAPNew.rpt:Invalid report version.
13/06/2565, 10:28:07, 4, 0, D:\Source\AKPApp\VisualStudio6\BWG\BWG_WasteData\Reports\WasteAnalysisAPNew.rpt:Invalid report version.
13/06/2565, 10:28:54, 4, 0, D:\Source\AKPApp\VisualStudio6\BWG\BWG_WasteData\Reports\WasteAnalysisAPNew.rpt:Invalid report version.
13/06/2565, 10:32:35, 4, 0, D:\Source\AKPApp\VisualStudio6\BWG\BWG_WasteData\Reports\WasteAnalysisAPNew2.rpt:Invalid report version.
13/06/2565, 10:32:39, 4, 0, D:\Source\AKPApp\VisualStudio6\BWG\BWG_WasteData\Reports\WasteAnalysisAPNew2.rpt:Invalid report version.
13/06/2565, 10:34:13, 4, 0, D:\Source\AKPApp\VisualStudio6\BWG\BWG_WasteData\Reports\WasteAnalysisAPNewA.rpt:Invalid report version.
13/06/2565, 10:35:38, 4, 0, D:\Source\AKPApp\VisualStudio6\BWG\BWG_WasteData\Reports\WasteAnalysisAPNewA.rpt:Invalid report version.
13/06/2565, 10:38:20, 4, 0, D:\Source\AKPApp\VisualStudio6\BWG\BWG_WasteData\Reports\WasteAnalysisAPNew.rpt:Invalid report version.
13/06/2565, 10:38:20, 4, 0, D:\Source\AKPApp\VisualStudio6\BWG\BWG_WasteData\Reports\WasteAnalysisAPNew.rpt:Invalid report version.
13/06/2565, 10:39:28, 4, 0, D:\Source\AKPApp\VisualStudio6\BWG\BWG_WasteData\Reports\WasteAnalysisAPNew.rpt:Invalid report version.
13/06/2565, 10:40:54, 4, 0, D:\Source\AKPApp\VisualStudio6\BWG\BWG_WasteData\Reports\WasteAnalysisAPNew.rpt:Invalid report version.
13/06/2565, 10:42:31, 4, 0, D:\Source\AKPApp\VisualStudio6\BWG\BWG_WasteData\Reports\WasteAnalysisAPNew.rpt:Invalid report version.
13/06/2565, 10:42:31, 4, 0, D:\Source\AKPApp\VisualStudio6\BWG\BWG_WasteData\Reports\WasteAnalysisAPNew.rpt:Invalid report version.
13/06/2565, 10:44:30, 4, 0, D:\Source\AKPApp\VisualStudio6\BWG\BWG_WasteData\Reports\WasteAnalysisAPNew.rpt:Invalid report version.
13/06/2565, 10:44:30, 4, 0, D:\Source\AKPApp\VisualStudio6\BWG\BWG_WasteData\Reports\WasteAnalysisAPNew.rpt:Invalid report version.
13/06/2565, 10:45:40, 4, 0, D:\Source\AKPApp\VisualStudio6\BWG\BWG_WasteData\Reports\WasteAnalysisAPNew.rpt:Invalid report version.
13/06/2565, 10:45:40, 4, 0, D:\Source\AKPApp\VisualStudio6\BWG\BWG_WasteData\Reports\WasteAnalysisAPNew.rpt:Invalid report version.
13/06/2565, 10:46:20, 4, 0, D:\Source\AKPApp\VisualStudio6\BWG\BWG_WasteData\Reports\WasteAnalysisAPNew.rpt:Invalid report version.
13/06/2565, 10:46:20, 4, 0, D:\Source\AKPApp\VisualStudio6\BWG\BWG_WasteData\Reports\WasteAnalysisAPNew.rpt:Invalid report version.
13/06/2565, 10:48:29, 4, 0, D:\Source\AKPApp\VisualStudio6\BWG\BWG_WasteData\Reports\WasteAnalysisAPNew.rpt:Invalid report version.
13/06/2565, 10:48:29, 4, 0, D:\Source\AKPApp\VisualStudio6\BWG\BWG_WasteData\Reports\WasteAnalysisAPNew.rpt:Invalid report version.
13/06/2565, 10:48:49, 4, 0, D:\Source\AKPApp\VisualStudio6\BWG\BWG_WasteData\Reports\WasteAnalysisAPNew.rpt:Invalid report version.
13/06/2565, 10:56:22, 4, 0, D:\Source\AKPApp\VisualStudio6\BWG\BWG_WasteData\Reports\WasteAnalysisAPNew.rpt:Invalid report version.
13/06/2565, 10:56:22, 4, 0, D:\Source\AKPApp\VisualStudio6\BWG\BWG_WasteData\Reports\WasteAnalysisAPNew.rpt:Invalid report version.
13/06/2565, 10:56:39, 4, 0, D:\Source\AKPApp\VisualStudio6\BWG\BWG_WasteData\Reports\WasteAnalysisAPNew.rpt:Invalid report version.
13/06/2565, 11:25:31, 4, 0, D:\Source\AKPApp\VisualStudio6\BWG\BWG_WasteData\Reports\WasteAnalysisAPNew.rpt:Invalid report version.
13/06/2565, 11:27:19, 4, 0, D:\Source\AKPApp\VisualStudio6\BWG\BWG_WasteData\Reports\WasteAnalysisAPNew.rpt:Invalid report version.
13/06/2565, 11:28:01, 4, 0, D:\Source\AKPApp\VisualStudio6\BWG\BWG_WasteData\Reports\WasteAnalysisAPNew.rpt:Invalid report version.
13/06/2565, 13:09:20, 4, 0, D:\Source\AKPApp\VisualStudio6\BWG\BWG_WasteData\Reports\WasteAnalysisAPNew.rpt:A number is required here.
