Line 13: Class MSAdodcLib.Adodc of control Adodc1 was not a loaded control class.
Line 78: Class VSFlex7Ctl.VSFlexGrid of control fg was not a loaded control class.
Line 19: The property name _ExtentX in Adodc1 is invalid.
Line 20: The property name _ExtentY in Adodc1 is invalid.
Line 21: The property name ConnectMode in Adodc1 is invalid.
Line 22: The property name CursorLocation in Adodc1 is invalid.
Line 23: The property name IsolationLevel in Adodc1 is invalid.
Line 24: The property name ConnectionTimeout in Adodc1 is invalid.
Line 25: The property name CommandTimeout in Adodc1 is invalid.
Line 26: The property name CursorType in Adodc1 is invalid.
Line 27: The property name LockType in Adodc1 is invalid.
Line 28: The property name CommandType in Adodc1 is invalid.
Line 29: The property name CursorOptions in Adodc1 is invalid.
Line 30: The property name CacheSize in Adodc1 is invalid.
Line 31: The property name MaxRecords in Adodc1 is invalid.
Line 32: The property name BOFAction in Adodc1 is invalid.
Line 33: The property name EOFAction in Adodc1 is invalid.
Line 34: The property name ConnectStringType in Adodc1 is invalid.
Line 38: The property name Orientation in Adodc1 is invalid.
Line 40: The property name Connect in Adodc1 is invalid.
Line 41: The property name OLEDBString in Adodc1 is invalid.
Line 42: The property name OLEDBFile in Adodc1 is invalid.
Line 43: The property name DataSourceName in Adodc1 is invalid.
Line 44: The property name OtherAttributes in Adodc1 is invalid.
Line 45: The property name UserName in Adodc1 is invalid.
Line 46: The property name Password in Adodc1 is invalid.
Line 47: The property name RecordSource in Adodc1 is invalid.
Line 48: The property name Caption in Adodc1 is invalid.
Line 58: The property name _Version in Adodc1 is invalid.
Line 80: The property name Bindings in fg is invalid.
Line 86: The property name _cx in fg is invalid.
Line 87: The property name _cy in fg is invalid.
Line 88: The property name _ConvInfo in fg is invalid.
Line 104: The property name BackColorFixed in fg is invalid.
Line 105: The property name ForeColorFixed in fg is invalid.
Line 106: The property name BackColorSel in fg is invalid.
Line 107: The property name ForeColorSel in fg is invalid.
Line 108: The property name BackColorBkg in fg is invalid.
Line 109: The property name BackColorAlternate in fg is invalid.
Line 110: The property name GridColor in fg is invalid.
Line 111: The property name GridColorFixed in fg is invalid.
Line 112: The property name TreeColor in fg is invalid.
Line 113: The property name FloodColor in fg is invalid.
Line 114: The property name SheetBorder in fg is invalid.
Line 115: The property name FocusRect in fg is invalid.
Line 116: The property name HighLight in fg is invalid.
Line 117: The property name AllowSelection in fg is invalid.
Line 118: The property name AllowBigSelection in fg is invalid.
Line 119: The property name AllowUserResizing in fg is invalid.
Line 120: The property name SelectionMode in fg is invalid.
Line 121: The property name GridLines in fg is invalid.
Line 122: The property name GridLinesFixed in fg is invalid.
Line 123: The property name GridLineWidth in fg is invalid.
Line 124: The property name Rows in fg is invalid.
Line 125: The property name Cols in fg is invalid.
Line 126: The property name FixedRows in fg is invalid.
Line 127: The property name FixedCols in fg is invalid.
Line 128: The property name RowHeightMin in fg is invalid.
Line 129: The property name RowHeightMax in fg is invalid.
Line 130: The property name ColWidthMin in fg is invalid.
Line 131: The property name ColWidthMax in fg is invalid.
Line 132: The property name ExtendLastCol in fg is invalid.
Line 133: The property name FormatString in fg is invalid.
Line 134: The property name ScrollTrack in fg is invalid.
Line 135: The property name ScrollBars in fg is invalid.
Line 136: The property name ScrollTips in fg is invalid.
Line 137: The property name MergeCells in fg is invalid.
Line 138: The property name MergeCompare in fg is invalid.
Line 139: The property name AutoResize in fg is invalid.
Line 140: The property name AutoSizeMode in fg is invalid.
Line 141: The property name AutoSearch in fg is invalid.
Line 142: The property name AutoSearchDelay in fg is invalid.
Line 143: The property name MultiTotals in fg is invalid.
Line 144: The property name SubtotalPosition in fg is invalid.
Line 145: The property name OutlineBar in fg is invalid.
Line 146: The property name OutlineCol in fg is invalid.
Line 147: The property name Ellipsis in fg is invalid.
Line 148: The property name ExplorerBar in fg is invalid.
Line 149: The property name PicturesOver in fg is invalid.
Line 152: The property name PictureType in fg is invalid.
Line 153: The property name TabBehavior in fg is invalid.
Line 154: The property name OwnerDraw in fg is invalid.
Line 155: The property name Editable in fg is invalid.
Line 156: The property name ShowComboButton in fg is invalid.
Line 157: The property name WordWrap in fg is invalid.
Line 158: The property name TextStyle in fg is invalid.
Line 159: The property name TextStyleFixed in fg is invalid.
Line 162: The property name DataMode in fg is invalid.
Line 163: The property name VirtualData in fg is invalid.
Line 165: The property name ComboSearch in fg is invalid.
Line 166: The property name AutoSizeMouse in fg is invalid.
Line 167: The property name FormatCells in fg is invalid.
Line 168: The property name FrozenRows in fg is invalid.
Line 169: The property name FrozenCols in fg is invalid.
Line 170: The property name AllowUserFreezing in fg is invalid.
Line 171: The property name BackColorFrozen in fg is invalid.
Line 172: The property name ForeColorFrozen in fg is invalid.
Line 173: The property name WallPaperAlignment in fg is invalid.
