Line 126: Class VSFlex7DAOCtl.VSFlexGrid of control fgDAO was not a loaded control class.
Line 221: Class VSFlex7Ctl.VSFlexGrid of control fgADO was not a loaded control class.
Line 127: The property name Bindings in fgDAO is invalid.
Line 133: The property name _cx in fgDAO is invalid.
Line 134: The property name _cy in fgDAO is invalid.
Line 135: The property name _ConvInfo in fgDAO is invalid.
Line 151: The property name BackColorFixed in fgDAO is invalid.
Line 152: The property name ForeColorFixed in fgDAO is invalid.
Line 153: The property name BackColorSel in fgDAO is invalid.
Line 154: The property name ForeColorSel in fgDAO is invalid.
Line 155: The property name BackColorBkg in fgDAO is invalid.
Line 156: The property name BackColorAlternate in fgDAO is invalid.
Line 157: The property name GridColor in fgDAO is invalid.
Line 158: The property name GridColorFixed in fgDAO is invalid.
Line 159: The property name TreeColor in fgDAO is invalid.
Line 160: The property name FloodColor in fgDAO is invalid.
Line 161: The property name SheetBorder in fgDAO is invalid.
Line 162: The property name FocusRect in fgDAO is invalid.
Line 163: The property name HighLight in fgDAO is invalid.
Line 164: The property name AllowSelection in fgDAO is invalid.
Line 165: The property name AllowBigSelection in fgDAO is invalid.
Line 166: The property name AllowUserResizing in fgDAO is invalid.
Line 167: The property name SelectionMode in fgDAO is invalid.
Line 168: The property name GridLines in fgDAO is invalid.
Line 169: The property name GridLinesFixed in fgDAO is invalid.
Line 170: The property name GridLineWidth in fgDAO is invalid.
Line 171: The property name Rows in fgDAO is invalid.
Line 172: The property name Cols in fgDAO is invalid.
Line 173: The property name FixedRows in fgDAO is invalid.
Line 174: The property name FixedCols in fgDAO is invalid.
Line 175: The property name RowHeightMin in fgDAO is invalid.
Line 176: The property name RowHeightMax in fgDAO is invalid.
Line 177: The property name ColWidthMin in fgDAO is invalid.
Line 178: The property name ColWidthMax in fgDAO is invalid.
Line 179: The property name ExtendLastCol in fgDAO is invalid.
Line 180: The property name FormatString in fgDAO is invalid.
Line 181: The property name ScrollTrack in fgDAO is invalid.
Line 182: The property name ScrollBars in fgDAO is invalid.
Line 183: The property name ScrollTips in fgDAO is invalid.
Line 184: The property name MergeCells in fgDAO is invalid.
Line 185: The property name MergeCompare in fgDAO is invalid.
Line 186: The property name AutoResize in fgDAO is invalid.
Line 187: The property name AutoSizeMode in fgDAO is invalid.
Line 188: The property name AutoSearch in fgDAO is invalid.
Line 189: The property name AutoSearchDelay in fgDAO is invalid.
Line 190: The property name MultiTotals in fgDAO is invalid.
Line 191: The property name SubtotalPosition in fgDAO is invalid.
Line 192: The property name OutlineBar in fgDAO is invalid.
Line 193: The property name OutlineCol in fgDAO is invalid.
Line 194: The property name Ellipsis in fgDAO is invalid.
Line 195: The property name ExplorerBar in fgDAO is invalid.
Line 196: The property name PicturesOver in fgDAO is invalid.
Line 199: The property name PictureType in fgDAO is invalid.
Line 200: The property name TabBehavior in fgDAO is invalid.
Line 201: The property name OwnerDraw in fgDAO is invalid.
Line 202: The property name Editable in fgDAO is invalid.
Line 203: The property name ShowComboButton in fgDAO is invalid.
Line 204: The property name WordWrap in fgDAO is invalid.
Line 205: The property name TextStyle in fgDAO is invalid.
Line 206: The property name TextStyleFixed in fgDAO is invalid.
Line 209: The property name DataMode in fgDAO is invalid.
Line 210: The property name VirtualData in fgDAO is invalid.
Line 211: The property name ComboSearch in fgDAO is invalid.
Line 212: The property name AutoSizeMouse in fgDAO is invalid.
Line 213: The property name FormatCells in fgDAO is invalid.
Line 214: The property name FrozenRows in fgDAO is invalid.
Line 215: The property name FrozenCols in fgDAO is invalid.
Line 216: The property name AllowUserFreezing in fgDAO is invalid.
Line 217: The property name BackColorFrozen in fgDAO is invalid.
Line 218: The property name ForeColorFrozen in fgDAO is invalid.
Line 219: The property name WallPaperAlignment in fgDAO is invalid.
Line 222: The property name Bindings in fgADO is invalid.
Line 228: The property name _cx in fgADO is invalid.
Line 229: The property name _cy in fgADO is invalid.
Line 230: The property name _ConvInfo in fgADO is invalid.
Line 246: The property name BackColorFixed in fgADO is invalid.
Line 247: The property name ForeColorFixed in fgADO is invalid.
Line 248: The property name BackColorSel in fgADO is invalid.
Line 249: The property name ForeColorSel in fgADO is invalid.
Line 250: The property name BackColorBkg in fgADO is invalid.
Line 251: The property name BackColorAlternate in fgADO is invalid.
Line 252: The property name GridColor in fgADO is invalid.
Line 253: The property name GridColorFixed in fgADO is invalid.
Line 254: The property name TreeColor in fgADO is invalid.
Line 255: The property name FloodColor in fgADO is invalid.
Line 256: The property name SheetBorder in fgADO is invalid.
Line 257: The property name FocusRect in fgADO is invalid.
Line 258: The property name HighLight in fgADO is invalid.
Line 259: The property name AllowSelection in fgADO is invalid.
Line 260: The property name AllowBigSelection in fgADO is invalid.
Line 261: The property name AllowUserResizing in fgADO is invalid.
Line 262: The property name SelectionMode in fgADO is invalid.
Line 263: The property name GridLines in fgADO is invalid.
Line 264: The property name GridLinesFixed in fgADO is invalid.
Line 265: The property name GridLineWidth in fgADO is invalid.
Line 266: The property name Rows in fgADO is invalid.
Line 267: The property name Cols in fgADO is invalid.
Line 268: The property name FixedRows in fgADO is invalid.
Line 269: The property name FixedCols in fgADO is invalid.
Line 270: The property name RowHeightMin in fgADO is invalid.
Line 271: The property name RowHeightMax in fgADO is invalid.
Line 272: The property name ColWidthMin in fgADO is invalid.
Line 273: The property name ColWidthMax in fgADO is invalid.
Line 274: The property name ExtendLastCol in fgADO is invalid.
Line 275: The property name FormatString in fgADO is invalid.
Line 276: The property name ScrollTrack in fgADO is invalid.
Line 277: The property name ScrollBars in fgADO is invalid.
Line 278: The property name ScrollTips in fgADO is invalid.
Line 279: The property name MergeCells in fgADO is invalid.
Line 280: The property name MergeCompare in fgADO is invalid.
Line 281: The property name AutoResize in fgADO is invalid.
Line 282: The property name AutoSizeMode in fgADO is invalid.
Line 283: The property name AutoSearch in fgADO is invalid.
Line 284: The property name AutoSearchDelay in fgADO is invalid.
Line 285: The property name MultiTotals in fgADO is invalid.
Line 286: The property name SubtotalPosition in fgADO is invalid.
Line 287: The property name OutlineBar in fgADO is invalid.
Line 288: The property name OutlineCol in fgADO is invalid.
Line 289: The property name Ellipsis in fgADO is invalid.
Line 290: The property name ExplorerBar in fgADO is invalid.
Line 291: The property name PicturesOver in fgADO is invalid.
Line 294: The property name PictureType in fgADO is invalid.
Line 295: The property name TabBehavior in fgADO is invalid.
Line 296: The property name OwnerDraw in fgADO is invalid.
Line 297: The property name Editable in fgADO is invalid.
Line 298: The property name ShowComboButton in fgADO is invalid.
Line 299: The property name WordWrap in fgADO is invalid.
Line 300: The property name TextStyle in fgADO is invalid.
Line 301: The property name TextStyleFixed in fgADO is invalid.
Line 304: The property name DataMode in fgADO is invalid.
Line 305: The property name VirtualData in fgADO is invalid.
Line 307: The property name ComboSearch in fgADO is invalid.
Line 308: The property name AutoSizeMouse in fgADO is invalid.
Line 309: The property name FrozenRows in fgADO is invalid.
Line 310: The property name FrozenCols in fgADO is invalid.
Line 311: The property name AllowUserFreezing in fgADO is invalid.
Line 312: The property name BackColorFrozen in fgADO is invalid.
Line 313: The property name ForeColorFrozen in fgADO is invalid.
Line 314: The property name WallPaperAlignment in fgADO is invalid.
