09/19/11, 11:43:58, 4, 0, F:\Development\Developements\VisualStudio6\BWG\BWG_Commission\Reports\ComEx.rpt:A running total cannot refer to a print time formula
13/12/2556, 14:39:46, 4, 0, D:\Development\Developements\VisualStudio6\BWG\BWG_Commission\Reports\ComEx.rpt:Error detected by database DLL.
13/12/2556, 14:40:55, 4, 0, D:\Development\Developements\VisualStudio6\BWG\BWG_Commission\Reports\ComEx.rpt:Error detected by database DLL.
13/12/2556, 14:41:01, 4, 0, D:\Development\Developements\VisualStudio6\BWG\BWG_Commission\Reports\ComEx2.rpt:Error detected by database DLL.
13/12/2556, 14:43:17, 4, 0, D:\Development\Developements\VisualStudio6\BWG\BWG_Commission\Reports\ComEx.rpt:Error detected by database DLL.
13/12/2556, 14:46:01, 4, 0, D:\Development\Developements\VisualStudio6\BWG\BWG_Commission\Reports\ComEx.rpt:Error detected by database DLL.
13/12/2556, 14:56:28, 4, 0, D:\Development\Developements\VisualStudio6\BWG\BWG_Commission\Reports\ComEx.rpt:Error detected by database DLL.
17/9/2558, 15:03:18, 4, 0, D:\Source\VisualStudio6\BWG\BWG_Commission\Reports\RptCompay_Sale.rpt:Server has not yet been opened.
17/9/2558, 15:04:14, 4, 0, D:\Source\VisualStudio6\BWG\BWG_Commission\Reports\RptCompay_Sale.rpt:Server has not yet been opened.
17/9/2558, 15:04:16, 4, 0, D:\Source\VisualStudio6\BWG\BWG_Commission\Reports\RptCompay_Sale.rpt:Server has not yet been opened.
17/9/2558, 15:04:43, 4, 0, D:\Source\VisualStudio6\BWG\BWG_Commission\Reports\RptCompay_Sale.rpt:Server has not yet been opened.
17/9/2558, 15:05:22, 4, 0, D:\Source\VisualStudio6\BWG\BWG_Commission\Reports\RptCompay_Sale.rpt:Server has not yet been opened.
17/9/2558, 15:11:34, 4, 0, D:\Source\VisualStudio6\BWG\BWG_Commission\Reports\RptCompay_Sale.rpt:Server has not yet been opened.
17/9/2558, 15:13:26, 4, 0, D:\Source\VisualStudio6\BWG\BWG_Commission\Reports\RptCompay_Sale.rpt:Server has not yet been opened.
17/9/2558, 15:13:40, 4, 0, D:\Source\VisualStudio6\BWG\BWG_Commission\Reports\RptCompay_Sale.rpt:Server has not yet been opened.
16/3/2559, 16:15:55, 4, 0, D:\Source\VisualStudio6\BWG\BWG_Commission\Reports\ComIn2.rpt:Bad date format string.
16/3/2559, 16:15:57, 4, 0, D:\Source\VisualStudio6\BWG\BWG_Commission\Reports\ComIn2.rpt:Bad date format string.
16/3/2559, 16:15:58, 4, 0, D:\Source\VisualStudio6\BWG\BWG_Commission\Reports\ComIn2.rpt:Bad date format string.
16/3/2559, 16:16:01, 4, 0, D:\Source\VisualStudio6\BWG\BWG_Commission\Reports\ComIn2.rpt:Bad date format string.
16/3/2559, 16:16:01, 4, 0, D:\Source\VisualStudio6\BWG\BWG_Commission\Reports\ComIn2.rpt:Bad date format string.
16/3/2559, 16:16:02, 4, 0, D:\Source\VisualStudio6\BWG\BWG_Commission\Reports\ComIn2.rpt:Bad date format string.
16/3/2559, 16:16:03, 4, 0, D:\Source\VisualStudio6\BWG\BWG_Commission\Reports\ComIn2.rpt:Bad date format string.
16/3/2559, 16:16:04, 4, 0, D:\Source\VisualStudio6\BWG\BWG_Commission\Reports\ComIn2.rpt:Bad date format string.
16/3/2559, 16:16:22, 4, 0, D:\Source\VisualStudio6\BWG\BWG_Commission\Reports\ComIn2.rpt:Bad date format string.
16/3/2559, 16:16:25, 4, 0, D:\Source\VisualStudio6\BWG\BWG_Commission\Reports\ComIn2.rpt:Bad date format string.
16/3/2559, 16:17:35, 4, 0, D:\Source\VisualStudio6\BWG\BWG_Commission\Reports\ComIn2.rpt:Bad date format string.
16/3/2559, 16:17:35, 4, 0, D:\Source\VisualStudio6\BWG\BWG_Commission\Reports\ComIn2.rpt:Bad date format string.
16/3/2559, 16:17:36, 4, 0, D:\Source\VisualStudio6\BWG\BWG_Commission\Reports\ComIn2.rpt:Bad date format string.
16/3/2559, 16:17:36, 4, 0, D:\Source\VisualStudio6\BWG\BWG_Commission\Reports\ComIn2.rpt:Bad date format string.
16/3/2559, 16:17:36, 4, 0, D:\Source\VisualStudio6\BWG\BWG_Commission\Reports\ComIn2.rpt:Bad date format string.
16/3/2559, 16:18:35, 4, 0, D:\Source\VisualStudio6\BWG\BWG_Commission\Reports\ComIn2.rpt:Bad date format string.
16/3/2559, 16:18:36, 4, 0, D:\Source\VisualStudio6\BWG\BWG_Commission\Reports\ComIn2.rpt:Bad date format string.
16/3/2559, 16:18:36, 4, 0, D:\Source\VisualStudio6\BWG\BWG_Commission\Reports\ComIn2.rpt:Bad date format string.
16/3/2559, 16:18:36, 4, 0, D:\Source\VisualStudio6\BWG\BWG_Commission\Reports\ComIn2.rpt:Bad date format string.
16/3/2559, 16:18:42, 4, 0, D:\Source\VisualStudio6\BWG\BWG_Commission\Reports\ComIn2.rpt:Bad date format string.
16/3/2559, 16:18:42, 4, 0, D:\Source\VisualStudio6\BWG\BWG_Commission\Reports\ComIn2.rpt:Bad date format string.
16/3/2559, 16:18:43, 4, 0, D:\Source\VisualStudio6\BWG\BWG_Commission\Reports\ComIn2.rpt:Bad date format string.
16/3/2559, 16:18:43, 4, 0, D:\Source\VisualStudio6\BWG\BWG_Commission\Reports\ComIn2.rpt:Bad date format string.
16/3/2559, 16:18:43, 4, 0, D:\Source\VisualStudio6\BWG\BWG_Commission\Reports\ComIn2.rpt:Bad date format string.
16/3/2559, 16:18:44, 4, 0, D:\Source\VisualStudio6\BWG\BWG_Commission\Reports\ComIn2.rpt:Bad date format string.
16/3/2559, 16:18:44, 4, 0, D:\Source\VisualStudio6\BWG\BWG_Commission\Reports\ComIn2.rpt:Bad date format string.
16/3/2559, 16:18:44, 4, 0, D:\Source\VisualStudio6\BWG\BWG_Commission\Reports\ComIn2.rpt:Bad date format string.
16/3/2559, 16:18:54, 4, 0, D:\Source\VisualStudio6\BWG\BWG_Commission\Reports\ComIn2.rpt:Bad date format string.
16/3/2559, 16:18:55, 4, 0, D:\Source\VisualStudio6\BWG\BWG_Commission\Reports\ComIn2.rpt:Bad date format string.
16/3/2559, 16:19:17, 4, 0, D:\Source\VisualStudio6\BWG\BWG_Commission\Reports\ComIn2.rpt:Bad date format string.
16/3/2559, 16:19:20, 4, 0, D:\Source\VisualStudio6\BWG\BWG_Commission\Reports\ComIn2.rpt:Bad date format string.
16/3/2559, 16:19:26, 4, 0, D:\Source\VisualStudio6\BWG\BWG_Commission\Reports\ComIn2.rpt:Bad date format string.
16/3/2559, 16:19:27, 4, 0, D:\Source\VisualStudio6\BWG\BWG_Commission\Reports\ComIn2.rpt:Bad date format string.
16/3/2559, 16:19:27, 4, 0, D:\Source\VisualStudio6\BWG\BWG_Commission\Reports\ComIn2.rpt:Bad date format string.
16/3/2559, 16:19:28, 4, 0, D:\Source\VisualStudio6\BWG\BWG_Commission\Reports\ComIn2.rpt:Bad date format string.
16/3/2559, 16:19:41, 4, 0, D:\Source\VisualStudio6\BWG\BWG_Commission\Reports\ComIn2.rpt:Bad date format string.
16/3/2559, 16:19:41, 4, 0, D:\Source\VisualStudio6\BWG\BWG_Commission\Reports\ComIn2.rpt:Bad date format string.
16/3/2559, 16:26:58, 4, 0, D:\Source\VisualStudio6\BWG\BWG_Commission\Reports\ComIn2.rpt:Bad date format string.
16/3/2559, 16:27:00, 4, 0, D:\Source\VisualStudio6\BWG\BWG_Commission\Reports\ComIn2.rpt:Bad date format string.
16/3/2559, 16:27:15, 4, 0, D:\Source\VisualStudio6\BWG\BWG_Commission\Reports\ComIn2.rpt:Bad date format string.
16/3/2559, 16:27:15, 4, 0, D:\Source\VisualStudio6\BWG\BWG_Commission\Reports\ComIn2.rpt:Bad date format string.
16/3/2559, 16:28:05, 4, 0, D:\Source\VisualStudio6\BWG\BWG_Commission\Reports\ComIn2.rpt:Bad date format string.
16/3/2559, 16:28:06, 4, 0, D:\Source\VisualStudio6\BWG\BWG_Commission\Reports\ComIn2.rpt:Bad date format string.
16/3/2559, 16:28:07, 4, 0, D:\Source\VisualStudio6\BWG\BWG_Commission\Reports\ComIn2.rpt:Bad date format string.
16/3/2559, 16:28:07, 4, 0, D:\Source\VisualStudio6\BWG\BWG_Commission\Reports\ComIn2.rpt:Bad date format string.
16/3/2559, 16:28:08, 4, 0, D:\Source\VisualStudio6\BWG\BWG_Commission\Reports\ComIn2.rpt:Bad date format string.
16/3/2559, 16:28:08, 4, 0, D:\Source\VisualStudio6\BWG\BWG_Commission\Reports\ComIn2.rpt:Bad date format string.
16/3/2559, 16:28:08, 4, 0, D:\Source\VisualStudio6\BWG\BWG_Commission\Reports\ComIn2.rpt:Bad date format string.
16/3/2559, 16:28:09, 4, 0, D:\Source\VisualStudio6\BWG\BWG_Commission\Reports\ComIn2.rpt:Bad date format string.
16/3/2559, 16:28:17, 4, 0, D:\Source\VisualStudio6\BWG\BWG_Commission\Reports\ComIn2.rpt:Bad date format string.
16/3/2559, 16:28:18, 4, 0, D:\Source\VisualStudio6\BWG\BWG_Commission\Reports\ComIn2.rpt:Bad date format string.
16/3/2559, 16:28:19, 4, 0, D:\Source\VisualStudio6\BWG\BWG_Commission\Reports\ComIn2.rpt:Bad date format string.
16/3/2559, 16:28:20, 4, 0, D:\Source\VisualStudio6\BWG\BWG_Commission\Reports\ComIn2.rpt:Bad date format string.
16/3/2559, 16:28:21, 4, 0, D:\Source\VisualStudio6\BWG\BWG_Commission\Reports\ComIn2.rpt:Bad date format string.
16/3/2559, 16:28:22, 4, 0, D:\Source\VisualStudio6\BWG\BWG_Commission\Reports\ComIn2.rpt:Bad date format string.
16/3/2559, 16:28:30, 4, 0, D:\Source\VisualStudio6\BWG\BWG_Commission\Reports\ComIn2.rpt:Bad date format string.
16/3/2559, 16:28:30, 4, 0, D:\Source\VisualStudio6\BWG\BWG_Commission\Reports\ComIn2.rpt:Bad date format string.
16/3/2559, 16:28:31, 4, 0, D:\Source\VisualStudio6\BWG\BWG_Commission\Reports\ComIn2.rpt:Bad date format string.
16/3/2559, 16:28:32, 4, 0, D:\Source\VisualStudio6\BWG\BWG_Commission\Reports\ComIn2.rpt:Bad date format string.
16/3/2559, 16:28:32, 4, 0, D:\Source\VisualStudio6\BWG\BWG_Commission\Reports\ComIn2.rpt:Bad date format string.
16/3/2559, 16:28:33, 4, 0, D:\Source\VisualStudio6\BWG\BWG_Commission\Reports\ComIn2.rpt:Bad date format string.
16/3/2559, 16:28:33, 4, 0, D:\Source\VisualStudio6\BWG\BWG_Commission\Reports\ComIn2.rpt:Bad date format string.
16/3/2559, 16:28:33, 4, 0, D:\Source\VisualStudio6\BWG\BWG_Commission\Reports\ComIn2.rpt:Bad date format string.
23/03/2016, 09:17:37, 4, 0, D:\Source\VisualStudio6\BWG\BWG_Commission\Reports\ComIn2.rpt:Bad date format string.
23/03/2016, 09:20:45, 4, 0, D:\Source\VisualStudio6\BWG\BWG_Commission\Reports\ComIn2.rpt:Bad date format string.
23/03/2016, 09:23:27, 4, 0, D:\Source\VisualStudio6\BWG\BWG_Commission\Reports\ComIn2.rpt:Bad date format string.
15/06/2016, 08:57:11, 4, 0, D:\Source\VisualStudio6\BWG\BWG_Commission\Reports\ComEx.rpt:Error detected by database DLL.
15/06/2016, 09:03:35, 4, 0, D:\Source\VisualStudio6\BWG\BWG_Commission\Reports\ComEx.rpt:Error detected by database DLL.
15/06/2016, 09:04:42, 4, 0, D:\Source\VisualStudio6\BWG\BWG_Commission\Reports\ComEx.rpt:Error detected by database DLL.
27/06/2559, 13:21:29, 4, 0, D:\Source\VisualStudio6\BWG\BWG_Commission\Reports\ComEx2.rpt:Error detected by database DLL.
27/06/2559, 13:21:56, 4, 0, D:\Source\VisualStudio6\BWG\BWG_Commission\Reports\ComEx2.rpt:Error detected by database DLL.
27/06/2559, 13:27:02, 4, 0, D:\Source\VisualStudio6\BWG\BWG_Commission\Reports\ComEx2.rpt:Error detected by database DLL.
27/06/2559, 13:28:01, 4, 0, D:\Source\VisualStudio6\BWG\BWG_Commission\Reports\ComEx2.rpt:Error detected by database DLL.
27/06/2559, 13:33:10, 4, 0, D:\Source\VisualStudio6\BWG\BWG_Commission\Reports\ComEx2.rpt:Error detected by database DLL.
27/06/2559, 13:33:36, 4, 0, D:\Source\VisualStudio6\BWG\BWG_Commission\Reports\ComEx2.rpt:Error detected by database DLL.
27/06/2559, 13:33:51, 4, 0, D:\Source\VisualStudio6\BWG\BWG_Commission\Reports\ComEx2.rpt:Error detected by database DLL.
27/06/2559, 13:36:07, 4, 0, D:\Source\VisualStudio6\BWG\BWG_Commission\Reports\ComEx2.rpt:Error detected by database DLL.
27/06/2559, 13:36:20, 4, 0, D:\Source\VisualStudio6\BWG\BWG_Commission\Reports\ComEx2.rpt:Error detected by database DLL.
27/06/2559, 13:36:22, 4, 0, D:\Source\VisualStudio6\BWG\BWG_Commission\Reports\ComEx2.rpt:Error detected by database DLL.
27/06/2559, 13:36:22, 4, 0, D:\Source\VisualStudio6\BWG\BWG_Commission\Reports\ComEx2.rpt:Error detected by database DLL.
27/06/2559, 13:36:23, 4, 0, D:\Source\VisualStudio6\BWG\BWG_Commission\Reports\ComEx2.rpt:Error detected by database DLL.
27/06/2559, 13:36:24, 4, 0, D:\Source\VisualStudio6\BWG\BWG_Commission\Reports\ComEx2.rpt:Error detected by database DLL.
27/06/2559, 13:36:24, 4, 0, D:\Source\VisualStudio6\BWG\BWG_Commission\Reports\ComEx2.rpt:Error detected by database DLL.
27/06/2559, 13:36:25, 4, 0, D:\Source\VisualStudio6\BWG\BWG_Commission\Reports\ComEx2.rpt:Error detected by database DLL.
27/06/2559, 13:57:08, 4, 0, D:\Source\VisualStudio6\BWG\BWG_Commission\Reports\ComEx2.rpt:Error detected by database DLL.
27/06/2559, 13:57:11, 4, 0, D:\Source\VisualStudio6\BWG\BWG_Commission\Reports\ComEx2.rpt:Error detected by database DLL.
27/06/2559, 13:57:12, 4, 0, D:\Source\VisualStudio6\BWG\BWG_Commission\Reports\ComEx2.rpt:Error detected by database DLL.
27/06/2559, 13:58:04, 4, 0, D:\Source\VisualStudio6\BWG\BWG_Commission\Reports\ComEx2.rpt:Error detected by database DLL.
27/06/2559, 14:11:21, 4, 0, D:\Source\VisualStudio6\BWG\BWG_Commission\Reports\ComEx2.rpt:Error detected by database DLL.
27/06/2559, 14:16:56, 4, 0, D:\Source\VisualStudio6\BWG\BWG_Commission\Reports\ComEx2.rpt:Error detected by database DLL.
27/06/2559, 14:19:29, 4, 0, D:\Source\VisualStudio6\BWG\BWG_Commission\Reports\ComEx2.rpt:Error detected by database DLL.
27/06/2559, 14:41:30, 4, 0, D:\Source\VisualStudio6\BWG\BWG_Commission\Reports\ComEx2.rpt:Error detected by database DLL.
27/06/2559, 14:43:18, 4, 0, D:\Source\VisualStudio6\BWG\BWG_Commission\Reports\ComEx2.rpt:Error detected by database DLL.
03/08/2559, 11:51:54, 4, 0, D:\Source\VisualStudio6\BWG\BWG_Commission\Reports\ComIn2.rpt:Division by zero.
03/08/2559, 13:10:23, 4, 0, D:\Source\VisualStudio6\BWG\BWG_Commission\Reports\ComIn2.rpt:Division by zero.
03/08/2559, 13:11:17, 4, 0, D:\Source\VisualStudio6\BWG\BWG_Commission\Reports\ComIn2.rpt:Division by zero.
03/08/2559, 14:47:18, 4, 0, D:\Source\VisualStudio6\BWG\BWG_Commission\Reports\ComIn2.rpt:Division by zero.
03/08/2559, 15:17:46, 4, 0, D:\Source\VisualStudio6\BWG\BWG_Commission\Reports\ComIn2.rpt:Division by zero.
12/06/2564, 13:19:43, 4, 0, D:\Source\AKPApp\VisualStudio6\BWG\BWG_Commission\Reports\ComIn.rpt:Error detected by database DLL.
12/06/2564, 13:19:46, 4, 0, D:\Source\AKPApp\VisualStudio6\BWG\BWG_Commission\Reports\ComIn.rpt:Error detected by database DLL.
12/06/2564, 13:20:09, 4, 0, D:\Source\AKPApp\VisualStudio6\BWG\BWG_Commission\Reports\ComIn.rpt:Error detected by database DLL.
04/08/2564, 13:28:34, 4, 0, D:\Source\AKPApp\VisualStudio6\BWG\BWG_Commission\Reports\ComIn.rpt:Error detected by database DLL.
04/08/2564, 13:28:42, 4, 0, D:\Source\AKPApp\VisualStudio6\BWG\BWG_Commission\Reports\ComIn.rpt:Error detected by database DLL.
04/08/2564, 13:29:27, 4, 0, D:\Source\AKPApp\VisualStudio6\BWG\BWG_Commission\Reports\ComIn.rpt:Error detected by database DLL.
3/18/2024, 10:42:05 AM, 4, 0, D:\M Program\Source\AKPApp\VisualStudio6\BWG\BWG_Commission\Reports\ComIn.rpt:Bad date format string.
3/18/2024, 10:42:19 AM, 4, 0, D:\M Program\Source\AKPApp\VisualStudio6\BWG\BWG_Commission\Reports\ComIn.rpt:Bad date format string.
3/18/2024, 10:52:19 AM, 4, 0, D:\M Program\Source\AKPApp\VisualStudio6\BWG\BWG_Commission\Reports\ComIn.rpt:Bad date format string.
3/18/2024, 10:52:25 AM, 4, 0, D:\M Program\Source\AKPApp\VisualStudio6\BWG\BWG_Commission\Reports\ComIn.rpt:Bad date format string.
