Line 81: Class VSFlex7Ctl.VSFlexGrid of control fg was not a loaded control class.
Line 82: The property name Bindings in fg is invalid.
Line 88: The property name _cx in fg is invalid.
Line 89: The property name _cy in fg is invalid.
Line 90: The property name _ConvInfo in fg is invalid.
Line 106: The property name BackColorFixed in fg is invalid.
Line 107: The property name ForeColorFixed in fg is invalid.
Line 108: The property name BackColorSel in fg is invalid.
Line 109: The property name ForeColorSel in fg is invalid.
Line 110: The property name BackColorBkg in fg is invalid.
Line 111: The property name BackColorAlternate in fg is invalid.
Line 112: The property name GridColor in fg is invalid.
Line 113: The property name GridColorFixed in fg is invalid.
Line 114: The property name TreeColor in fg is invalid.
Line 115: The property name FloodColor in fg is invalid.
Line 116: The property name SheetBorder in fg is invalid.
Line 117: The property name FocusRect in fg is invalid.
Line 118: The property name HighLight in fg is invalid.
Line 119: The property name AllowSelection in fg is invalid.
Line 120: The property name AllowBigSelection in fg is invalid.
Line 121: The property name AllowUserResizing in fg is invalid.
Line 122: The property name SelectionMode in fg is invalid.
Line 123: The property name GridLines in fg is invalid.
Line 124: The property name GridLinesFixed in fg is invalid.
Line 125: The property name GridLineWidth in fg is invalid.
Line 126: The property name Rows in fg is invalid.
Line 127: The property name Cols in fg is invalid.
Line 128: The property name FixedRows in fg is invalid.
Line 129: The property name FixedCols in fg is invalid.
Line 130: The property name RowHeightMin in fg is invalid.
Line 131: The property name RowHeightMax in fg is invalid.
Line 132: The property name ColWidthMin in fg is invalid.
Line 133: The property name ColWidthMax in fg is invalid.
Line 134: The property name ExtendLastCol in fg is invalid.
Line 135: The property name FormatString in fg is invalid.
Line 136: The property name ScrollTrack in fg is invalid.
Line 137: The property name ScrollBars in fg is invalid.
Line 138: The property name ScrollTips in fg is invalid.
Line 139: The property name MergeCells in fg is invalid.
Line 140: The property name MergeCompare in fg is invalid.
Line 141: The property name AutoResize in fg is invalid.
Line 142: The property name AutoSizeMode in fg is invalid.
Line 143: The property name AutoSearch in fg is invalid.
Line 144: The property name AutoSearchDelay in fg is invalid.
Line 145: The property name MultiTotals in fg is invalid.
Line 146: The property name SubtotalPosition in fg is invalid.
Line 147: The property name OutlineBar in fg is invalid.
Line 148: The property name OutlineCol in fg is invalid.
Line 149: The property name Ellipsis in fg is invalid.
Line 150: The property name ExplorerBar in fg is invalid.
Line 151: The property name PicturesOver in fg is invalid.
Line 154: The property name PictureType in fg is invalid.
Line 155: The property name TabBehavior in fg is invalid.
Line 156: The property name OwnerDraw in fg is invalid.
Line 157: The property name Editable in fg is invalid.
Line 158: The property name ShowComboButton in fg is invalid.
Line 159: The property name WordWrap in fg is invalid.
Line 160: The property name TextStyle in fg is invalid.
Line 161: The property name TextStyleFixed in fg is invalid.
Line 164: The property name DataMode in fg is invalid.
Line 165: The property name VirtualData in fg is invalid.
Line 167: The property name ComboSearch in fg is invalid.
Line 168: The property name AutoSizeMouse in fg is invalid.
Line 169: The property name FrozenRows in fg is invalid.
Line 170: The property name FrozenCols in fg is invalid.
Line 171: The property name AllowUserFreezing in fg is invalid.
Line 172: The property name BackColorFrozen in fg is invalid.
Line 173: The property name ForeColorFrozen in fg is invalid.
Line 174: The property name WallPaperAlignment in fg is invalid.
