05/19/12, 15:17:26, 4, 0, F:\Development\Developements\VisualStudio6\BWG\BWG_Commission\Reports\RptCompay_Sale.rpt:Error detected by database DLL.
05/19/12, 15:17:29, 4, 0, F:\Development\Developements\VisualStudio6\BWG\BWG_Commission\Reports\RptCompay_Sale.rpt:Error detected by database DLL.
05/19/12, 15:18:05, 4, 0, F:\Development\Developements\VisualStudio6\BWG\BWG_Commission\Reports\RptCompay_Sale.rpt:Error detected by database DLL.
06/15/12, 14:45:15, 4, 0, D:\Development\Developements\VisualStudio6\BWG\BWG_App\reports\Incomes_AKP.rpt:Division by zero.
10/03/12, 09:06:55, 4, 0, D:\Development\Developements\VisualStudio6\BWG\BWG_App\reports\Incomes.rpt:Division by zero.
10/03/12, 09:14:46, 4, 0, D:\Development\Developements\VisualStudio6\BWG\BWG_App\reports\Incomes.rpt:Division by zero.
11/19/12, 14:27:54, 4, 0, :File not found.
11/19/12, 14:27:54, 4, 0, :File not found.
01/14/13, 12:43:30, 4, 0, :Too many open files.
01/14/13, 12:43:44, 4, 0, :Too many open files.
01/14/13, 12:43:44, 4, 0, :Too many open files.
01/14/13, 12:43:45, 4, 0, :Too many open files.
01/14/13, 12:43:45, 4, 0, :Too many open files.
01/14/13, 12:43:45, 4, 0, :Too many open files.
01/14/13, 12:43:46, 4, 0, :Too many open files.
01/14/13, 12:43:46, 4, 0, :Too many open files.
01/14/13, 12:43:46, 4, 0, :Too many open files.
01/14/13, 12:43:47, 4, 0, :Too many open files.
01/14/13, 12:43:47, 4, 0, :Too many open files.
01/14/13, 12:43:47, 4, 0, :Too many open files.
01/14/13, 12:43:48, 4, 0, :Too many open files.
01/14/13, 12:43:48, 4, 0, :Too many open files.
01/14/13, 12:43:48, 4, 0, :Too many open files.
01/14/13, 12:43:48, 4, 0, :Too many open files.
01/14/13, 12:43:49, 4, 0, :Too many open files.
01/14/13, 12:43:49, 4, 0, :Too many open files.
01/14/13, 12:46:44, 4, 0, :Too many open files.
01/14/13, 12:46:50, 4, 0, :Too many open files.
01/14/13, 12:46:51, 4, 0, :Too many open files.
01/14/13, 12:46:51, 4, 0, :Too many open files.
01/14/13, 12:46:51, 4, 0, :Too many open files.
01/14/13, 12:46:51, 4, 0, :Too many open files.
01/14/13, 12:46:52, 4, 0, :Too many open files.
01/14/13, 12:46:52, 4, 0, :Too many open files.
01/14/13, 12:46:52, 4, 0, :Too many open files.
01/14/13, 12:46:53, 4, 0, :Too many open files.
01/14/13, 12:46:53, 4, 0, :Too many open files.
01/14/13, 12:46:54, 4, 0, :Too many open files.
01/14/13, 12:46:54, 4, 0, :Too many open files.
01/14/13, 12:46:54, 4, 0, :Too many open files.
01/14/13, 12:46:55, 4, 0, :Too many open files.
01/14/13, 12:46:55, 4, 0, :Too many open files.
01/14/13, 12:46:55, 4, 0, :Too many open files.
01/14/13, 12:46:55, 4, 0, :Too many open files.
01/14/13, 12:47:14, 4, 0, :Too many open files.
01/14/13, 12:47:21, 4, 0, :Too many open files.
01/14/13, 12:47:21, 4, 0, :Too many open files.
01/14/13, 12:47:22, 4, 0, :Too many open files.
01/14/13, 12:47:22, 4, 0, :Too many open files.
01/14/13, 12:47:22, 4, 0, :Too many open files.
01/14/13, 12:47:23, 4, 0, :Too many open files.
01/14/13, 12:47:23, 4, 0, :Too many open files.
01/14/13, 12:47:23, 4, 0, :Too many open files.
01/14/13, 12:47:23, 4, 0, :Too many open files.
01/14/13, 12:47:24, 4, 0, :Too many open files.
01/14/13, 12:47:24, 4, 0, :Too many open files.
01/14/13, 12:47:24, 4, 0, :Too many open files.
01/14/13, 12:47:24, 4, 0, :Too many open files.
01/14/13, 12:47:25, 4, 0, :Too many open files.
01/14/13, 12:47:25, 4, 0, :Too many open files.
01/14/13, 12:47:25, 4, 0, :Too many open files.
01/14/13, 12:47:25, 4, 0, :Too many open files.
04/02/13, 16:16:58, 4, 0, D:\Development\Developements\VisualStudio6\BWG\BWG_App\reports\CustReceipt_ET.rpt:Page Header plus Page Footer is too large for the page.
04/02/13, 16:18:09, 4, 0, D:\Development\Developements\VisualStudio6\BWG\BWG_App\reports\CustReceipt_ET.rpt:Page Header plus Page Footer is too large for the page.
06/07/13, 10:58:57, 4, 0, D:\Development\Developements\VisualStudio6\BWG\BWG_App\reports\RPTTRN15.rpt:Error detected by database DLL.
06/07/13, 13:56:29, 4, 0, D:\Development\Developements\VisualStudio6\BWG\BWG_App\reports\RPTTRN15.rpt:The remaining text does not appear to be part of the formula.
06/07/13, 13:56:29, 4, 0, D:\Development\Developements\VisualStudio6\BWG\BWG_App\reports\RPTTRN15.rpt:The remaining text does not appear to be part of the formula.
06/07/13, 13:56:29, 4, 0, D:\Development\Developements\VisualStudio6\BWG\BWG_App\reports\RPTTRN15.rpt:The remaining text does not appear to be part of the formula.
06/07/13, 13:59:00, 4, 0, D:\Development\Developements\VisualStudio6\BWG\BWG_App\reports\RPTTRN15.rpt:The remaining text does not appear to be part of the formula.
06/07/13, 13:59:01, 4, 0, D:\Development\Developements\VisualStudio6\BWG\BWG_App\reports\RPTTRN15.rpt:The remaining text does not appear to be part of the formula.
06/07/13, 13:59:01, 4, 0, D:\Development\Developements\VisualStudio6\BWG\BWG_App\reports\RPTTRN15.rpt:The remaining text does not appear to be part of the formula.
06/07/13, 14:09:37, 4, 0, D:\Development\Developements\VisualStudio6\BWG\BWG_App\reports\RPTTRN15.rpt:The remaining text does not appear to be part of the formula.
06/07/13, 14:09:37, 4, 0, D:\Development\Developements\VisualStudio6\BWG\BWG_App\reports\RPTTRN15.rpt:The remaining text does not appear to be part of the formula.
06/07/13, 14:09:37, 4, 0, D:\Development\Developements\VisualStudio6\BWG\BWG_App\reports\RPTTRN15.rpt:The remaining text does not appear to be part of the formula.
06/07/13, 15:34:26, 4, 0, D:\Development\Developements\VisualStudio6\BWG\BWG_App\reports\RPTTRN15.rpt:The remaining text does not appear to be part of the formula.
06/07/13, 15:34:26, 4, 0, D:\Development\Developements\VisualStudio6\BWG\BWG_App\reports\RPTTRN15.rpt:The remaining text does not appear to be part of the formula.
06/07/13, 15:34:26, 4, 0, D:\Development\Developements\VisualStudio6\BWG\BWG_App\reports\RPTTRN15.rpt:The remaining text does not appear to be part of the formula.
06/07/13, 15:35:51, 4, 0, D:\Development\Developements\VisualStudio6\BWG\BWG_App\reports\RPTTRN15.rpt:A number, currency amount, date, time, or date-time is required here.
06/07/13, 15:35:51, 4, 0, D:\Development\Developements\VisualStudio6\BWG\BWG_App\reports\RPTTRN15.rpt:A number, currency amount, date, time, or date-time is required here.
06/07/13, 15:35:51, 4, 0, D:\Development\Developements\VisualStudio6\BWG\BWG_App\reports\RPTTRN15.rpt:A number, currency amount, date, time, or date-time is required here.
07/17/13, 16:46:43, 4, 0, :File not found.
07/17/13, 16:46:43, 4, 0, :File not found.
07/17/13, 16:46:52, 4, 0, :File not found.
07/17/13, 16:46:52, 4, 0, :File not found.
23/07/2556, 12:50:22, 4, 0, D:\Development\Developements\VisualStudio6\BWG\BWG_App\reports\RPTTRN15.rpt:The file is in use by another application.
07/31/13, 16:25:05, 4, 0, :File not found.
07/31/13, 16:25:06, 4, 0, :File not found.
07/31/13, 18:29:11, 4, 0, D:\Development\Developements\VisualStudio6\BWG\BWG_App\reports\ManifestBillA1.rpt:Error starting print job. Please check your printer or network connection.
08/01/13, 07:59:18, 4, 0, D:\Development\Developements\VisualStudio6\BWG\BWG_App\reports\ManifestBill.rpt:Error starting print job. Please check your printer or network connection.
08/01/13, 07:59:55, 4, 0, D:\Development\Developements\VisualStudio6\BWG\BWG_App\reports\ManifestBill.rpt:Error starting print job. Please check your printer or network connection.
09/03/13, 10:28:02, 4, 0, D:\Development\Developements\VisualStudio6\BWG\BWG_App\reports\CustInvoice_BWC.rpt:The matching " for this string is missing.
09/03/13, 10:35:38, 4, 0, D:\Development\Developements\VisualStudio6\BWG\BWG_App\reports\CustInvoice_BWC.rpt:The matching " for this string is missing.
09/03/13, 10:36:03, 4, 0, D:\Development\Developements\VisualStudio6\BWG\BWG_App\reports\CustInvoice_BWC.rpt:The matching " for this string is missing.
10/02/13, 16:08:48, 4, 0, D:\Development\Developements\VisualStudio6\BWG\BWG_App\reports\TripControl.rpt:Error starting print job. Please check your printer or network connection.
5/11/2556, 12:06:15, 4, 0, D:\Development\Developements\VisualStudio6\BWG\BWG_App\reports\RDF01.rpt:Error detected by database DLL.
5/11/2556, 12:06:18, 4, 0, D:\Development\Developements\VisualStudio6\BWG\BWG_App\reports\RDF01.rpt:Error detected by database DLL.
5/11/2556, 12:15:06, 4, 0, D:\Development\Developements\VisualStudio6\BWG\BWG_App\reports\RDF01.rpt:Error detected by database DLL.
5/11/2556, 12:16:00, 4, 0, D:\Development\Developements\VisualStudio6\BWG\BWG_App\reports\RDF01.rpt:Error detected by database DLL.
5/11/2556, 12:16:02, 4, 0, D:\Development\Developements\VisualStudio6\BWG\BWG_App\reports\RDF01.rpt:Error detected by database DLL.
5/11/2556, 12:17:04, 4, 0, D:\Development\Developements\VisualStudio6\BWG\BWG_App\reports\RDF01.rpt:Error detected by database DLL.
26/12/2556, 10:49:39, 4, 0, D:\Development\Developements\VisualStudio6\BWG\BWG_App\reports\CustInvoice_BWG.rpt:The remaining text does not appear to be part of the formula.
26/12/2556, 10:49:53, 4, 0, D:\Development\Developements\VisualStudio6\BWG\BWG_App\reports\CustInvoice_BWG.rpt:The remaining text does not appear to be part of the formula.
10/2/2557, 10:24:53, 4, 0, D:\Development\Developements\VisualStudio6\BWG\BWG_App\reports\FIN15.rpt:Division by zero.
10/2/2557, 10:28:33, 4, 0, D:\Development\Developements\VisualStudio6\BWG\BWG_App\reports\FIN15.rpt:Division by zero.
10/2/2557, 10:28:48, 4, 0, D:\Development\Developements\VisualStudio6\BWG\BWG_App\reports\FIN15.rpt:Division by zero.
10/2/2557, 10:30:47, 4, 0, D:\Development\Developements\VisualStudio6\BWG\BWG_App\reports\FIN15.rpt:Division by zero.
10/2/2557, 10:31:31, 4, 0, D:\Development\Developements\VisualStudio6\BWG\BWG_App\reports\FIN15.rpt:Error detected by database DLL.
10/2/2557, 10:31:36, 4, 0, D:\Development\Developements\VisualStudio6\BWG\BWG_App\reports\FIN15.rpt:Error detected by database DLL.
10/2/2557, 10:32:02, 4, 0, D:\Development\Developements\VisualStudio6\BWG\BWG_App\reports\FIN15.rpt:Error detected by database DLL.
10/2/2557, 10:33:17, 4, 0, D:\Development\Developements\VisualStudio6\BWG\BWG_App\reports\FIN15.rpt:Error detected by database DLL.
10/2/2557, 10:33:20, 4, 0, D:\Development\Developements\VisualStudio6\BWG\BWG_App\reports\FIN15.rpt:Error detected by database DLL.
19/2/2557, 16:15:26, 4, 0, D:\Development\Developements\VisualStudio6\BWG\BWG_App\reports\FIN15.rpt:Division by zero.
05/07/14, 17:40:52, 4, 0, D:\Development\Developements\VisualStudio6\BWG\BWG_App\Reports\QuotationLst.rpt:Error detected by database DLL.
05/07/14, 17:40:55, 4, 0, D:\Development\Developements\VisualStudio6\BWG\BWG_App\Reports\QuotationLst.rpt:Error detected by database DLL.
05/07/14, 17:41:02, 4, 0, D:\Development\Developements\VisualStudio6\BWG\BWG_App\Reports\QuotationLst.rpt:Error detected by database DLL.
06/24/14, 10:42:42, 4, 0, D:\Development\Developements\VisualStudio6\BWG\BWG_App\reports\QuotationLab.rpt:A number, or currency amount is required here.
06/24/14, 10:42:42, 4, 0, D:\Development\Developements\VisualStudio6\BWG\BWG_App\reports\QuotationLab.rpt:A number, or currency amount is required here.
06/24/14, 10:42:42, 4, 0, D:\Development\Developements\VisualStudio6\BWG\BWG_App\reports\QuotationLab.rpt:A number, or currency amount is required here.
02/09/15, 10:36:05, 4, 0, D:\Development\Developements\VisualStudio6\BWG\BWG_App\reports\TRN07.rpt:Error detected by database DLL.
03/12/15, 09:49:30, 4, 0, D:\Development\Developements\VisualStudio6\BWG\BWG_App\reports\FIN11.rpt:Error detected by database DLL.
03/12/15, 09:51:24, 4, 0, D:\Development\Developements\VisualStudio6\BWG\BWG_App\reports\FIN11.rpt:Error detected by database DLL.
03/12/15, 09:55:24, 4, 0, D:\Development\Developements\VisualStudio6\BWG\BWG_App\reports\FIN11.rpt:Error detected by database DLL.
03/12/15, 09:56:02, 4, 0, D:\Development\Developements\VisualStudio6\BWG\BWG_App\reports\FIN11.rpt:Error detected by database DLL.
03/12/15, 11:49:17, 4, 0, D:\Development\Developements\VisualStudio6\BWG\BWG_App\reports\FIN11.rpt:Error detected by database DLL.
03/12/15, 11:56:25, 4, 0, D:\Development\Developements\VisualStudio6\BWG\BWG_App\reports\FIN11.rpt:Error detected by database DLL.
03/12/15, 12:01:16, 4, 0, D:\Development\Developements\VisualStudio6\BWG\BWG_App\reports\FIN11.rpt:Error detected by database DLL.
03/12/15, 12:18:07, 4, 0, D:\Development\Developements\VisualStudio6\BWG\BWG_App\reports\FIN11.rpt:Error detected by database DLL.
03/12/15, 12:18:13, 4, 0, D:\Development\Developements\VisualStudio6\BWG\BWG_App\reports\FIN11.rpt:Error detected by database DLL.
03/23/15, 17:00:14, 4, 0, D:\Development\Developements\VisualStudio6\BWG\BWG_App\reports\FIN15.rpt:Division by zero.
03/23/15, 17:15:21, 4, 0, D:\Development\Developements\VisualStudio6\BWG\BWG_App\reports\FIN15.rpt:Division by zero.
15/7/2558, 10:38:11, 4, 0, D:\Source\VisualStudio6\BWG\BWG_App\Reports\QuotationAKP.rpt:Server has not yet been opened.
15/7/2558, 10:42:37, 4, 0, D:\Source\VisualStudio6\BWG\BWG_App\Reports\QuotationAKP.rpt:Server has not yet been opened.
15/7/2558, 10:45:22, 4, 0, D:\Source\VisualStudio6\BWG\BWG_App\Reports\QuotationAKP.rpt:Server has not yet been opened.
15/7/2558, 11:16:22, 4, 0, D:\Source\VisualStudio6\BWG\BWG_App\Reports\QuotationAKP.rpt:Server has not yet been opened.
15/7/2558, 11:30:54, 4, 0, D:\Source\VisualStudio6\BWG\BWG_App\Reports\QuotationAKP.rpt:Server has not yet been opened.
15/7/2558, 11:34:40, 4, 0, D:\Source\VisualStudio6\BWG\BWG_App\Reports\QuotationAKP.rpt:Server has not yet been opened.
15/7/2558, 11:34:45, 4, 0, D:\Source\VisualStudio6\BWG\BWG_App\Reports\QuotationAKP.rpt:Server has not yet been opened.
15/7/2558, 11:34:49, 4, 0, D:\Source\VisualStudio6\BWG\BWG_App\Reports\QuotationAKP.rpt:Server has not yet been opened.
15/7/2558, 11:34:55, 4, 0, D:\Source\VisualStudio6\BWG\BWG_App\Reports\QuotationAKP.rpt:Server has not yet been opened.
15/7/2558, 11:35:01, 4, 0, D:\Source\VisualStudio6\BWG\BWG_App\Reports\QuotationAKP.rpt:Server has not yet been opened.
15/7/2558, 11:40:25, 4, 0, D:\Source\VisualStudio6\BWG\BWG_App\Reports\QuotationAKP.rpt:Server has not yet been opened.
15/7/2558, 11:40:27, 4, 0, D:\Source\VisualStudio6\BWG\BWG_App\Reports\QuotationAKP.rpt:Server has not yet been opened.
15/7/2558, 11:40:30, 4, 0, D:\Source\VisualStudio6\BWG\BWG_App\Reports\QuotationAKP.rpt:Server has not yet been opened.
15/7/2558, 11:40:54, 4, 0, D:\Source\VisualStudio6\BWG\BWG_App\Reports\QuotationAKP.rpt:Server has not yet been opened.
15/7/2558, 11:42:46, 4, 0, D:\Source\VisualStudio6\BWG\BWG_App\Reports\QuotationAKP.rpt:Server has not yet been opened.
15/7/2558, 11:42:51, 4, 0, D:\Source\VisualStudio6\BWG\BWG_App\Reports\QuotationAKP.rpt:Server has not yet been opened.
15/7/2558, 11:43:26, 4, 0, D:\Source\VisualStudio6\BWG\BWG_App\Reports\QuotationAKP.rpt:Server has not yet been opened.
15/7/2558, 11:43:33, 4, 0, D:\Source\VisualStudio6\BWG\BWG_App\Reports\QuotationAKP.rpt:Server has not yet been opened.
15/7/2558, 11:44:41, 4, 0, D:\Source\VisualStudio6\BWG\BWG_App\Reports\QuotationAKP.rpt:Server has not yet been opened.
15/7/2558, 11:44:44, 4, 0, D:\Source\VisualStudio6\BWG\BWG_App\Reports\QuotationAKP.rpt:Server has not yet been opened.
15/7/2558, 11:44:47, 4, 0, D:\Source\VisualStudio6\BWG\BWG_App\Reports\QuotationAKP.rpt:Server has not yet been opened.
15/7/2558, 11:45:27, 4, 0, D:\Source\VisualStudio6\BWG\BWG_App\Reports\QuotationAKP.rpt:Server has not yet been opened.
15/7/2558, 11:45:34, 4, 0, D:\Source\VisualStudio6\BWG\BWG_App\Reports\QuotationAKP.rpt:Server has not yet been opened.
15/7/2558, 16:46:20, 4, 0, D:\Source\VisualStudio6\BWG\BWG_App\Reports\QuotationAKP2.rpt:Server has not yet been opened.
15/7/2558, 16:49:26, 4, 0, D:\Source\VisualStudio6\BWG\BWG_App\Reports\QuotationAKP2.rpt:Server has not yet been opened.
15/7/2558, 16:49:33, 4, 0, D:\Source\VisualStudio6\BWG\BWG_App\Reports\QuotationAKP2.rpt:Server has not yet been opened.
15/7/2558, 16:50:35, 4, 0, D:\Source\VisualStudio6\BWG\BWG_App\Reports\QuotationAKP2.rpt:Server has not yet been opened.
20/8/2558, 9:24:58, 4, 0, :File not found.
20/8/2558, 9:24:58, 4, 0, :File not found.
20/8/2558, 9:25:05, 4, 0, :File not found.
13/11/2558, 15:57:14, 4, 0, D:\Source\VisualStudio6\BWG\BWG_App\reports\TRN10EX.rpt:Error detected by database DLL.
13/11/2558, 15:57:20, 4, 0, D:\Source\VisualStudio6\BWG\BWG_App\reports\TRN10EX.rpt:Error detected by database DLL.
13/11/2558, 15:57:25, 4, 0, D:\Source\VisualStudio6\BWG\BWG_App\reports\TRN10EX.rpt:Error detected by database DLL.
13/11/2558, 16:00:23, 4, 0, D:\Source\VisualStudio6\BWG\BWG_App\reports\TRN10EX.rpt:Error detected by database DLL.
13/11/2558, 16:02:26, 4, 0, D:\Source\VisualStudio6\BWG\BWG_App\reports\TRN10EX.rpt:Error detected by database DLL.
13/11/2558, 16:02:38, 4, 0, D:\Source\VisualStudio6\BWG\BWG_App\reports\TRN10EX.rpt:Error detected by database DLL.
25/11/2558, 10:21:23, 4, 0, D:\Source\VisualStudio6\BWG\BWG_App\reports\TripMenifestDet.rpt:Error detected by database DLL.
25/11/2558, 10:21:23, 4, 0, D:\Source\VisualStudio6\BWG\BWG_App\reports\TripMenifestDet.rpt:Error detected by database DLL.
25/11/2558, 10:22:54, 4, 0, D:\Source\VisualStudio6\BWG\BWG_App\reports\TripMenifestDet.rpt:Error detected by database DLL.
25/11/2558, 10:22:55, 4, 0, D:\Source\VisualStudio6\BWG\BWG_App\reports\TripMenifestDet.rpt:Error detected by database DLL.
25/11/2558, 10:23:01, 4, 0, D:\Source\VisualStudio6\BWG\BWG_App\reports\TripMenifestDet.rpt:Error detected by database DLL.
25/11/2558, 10:23:01, 4, 0, D:\Source\VisualStudio6\BWG\BWG_App\reports\TripMenifestDet.rpt:Error detected by database DLL.
25/11/2558, 10:24:45, 4, 0, D:\Source\VisualStudio6\BWG\BWG_App\reports\TripMenifestDet.rpt:Error detected by database DLL.
25/11/2558, 10:24:45, 4, 0, D:\Source\VisualStudio6\BWG\BWG_App\reports\TripMenifestDet.rpt:Error detected by database DLL.
25/11/2558, 10:24:48, 4, 0, D:\Source\VisualStudio6\BWG\BWG_App\reports\TripMenifestDet.rpt:Error detected by database DLL.
25/11/2558, 10:24:48, 4, 0, D:\Source\VisualStudio6\BWG\BWG_App\reports\TripMenifestDet.rpt:Error detected by database DLL.
26/11/2558, 8:59:52, 4, 0, D:\Source\VisualStudio6\BWG\BWG_App\reports\TripMenifestDet.rpt:Error starting print job. Please check your printer or network connection.
1/12/2558, 9:34:54, 4, 0, D:\Source\VisualStudio6\BWG\BWG_App\reports\TripMenifestDet.rpt:Error starting print job. Please check your printer or network connection.
10/2/2559, 8:48:18, 4, 0, D:\Source\VisualStudio6\BWG\BWG_App\reports\CustInvoice_AKP.rpt:The matching " for this string is missing.
10/2/2559, 8:48:41, 4, 0, D:\Source\VisualStudio6\BWG\BWG_App\reports\CustInvoice_AKP.rpt:The matching " for this string is missing.
10/2/2559, 8:58:01, 4, 0, D:\Source\VisualStudio6\BWG\BWG_App\reports\CustInvoice_AKP.rpt:The matching " for this string is missing.
10/2/2559, 9:00:12, 4, 0, D:\Source\VisualStudio6\BWG\BWG_App\reports\CustInvoice_AKP.rpt:The matching " for this string is missing.
10/2/2559, 9:00:18, 4, 0, D:\Source\VisualStudio6\BWG\BWG_App\reports\CustInvoice_AKP.rpt:The matching " for this string is missing.
10/2/2559, 9:08:57, 4, 0, D:\Source\VisualStudio6\BWG\BWG_App\reports\CustInvoice_AKP.rpt:The matching " for this string is missing.
09/05/2016, 16:02:18, 4, 0, D:\Source\VisualStudio6\BWG\BWG_App\Reports\Quotation.rpt:Server has not yet been opened.
09/05/2016, 16:02:34, 4, 0, D:\Source\VisualStudio6\BWG\BWG_App\Reports\Quotation.rpt:Server has not yet been opened.
18/10/2559, 13:38:30, 4, 0, D:\Source\VisualStudio6\BWG\BWG_App\reports\ManifestBill.rpt:Invalid report version.
18/10/2559, 13:38:30, 4, 0, D:\Source\VisualStudio6\BWG\BWG_App\reports\ManifestBill.rpt:Invalid report version.
18/10/2559, 13:38:43, 4, 0, D:\Source\VisualStudio6\BWG\BWG_App\reports\ManifestBill.rpt:Invalid report version.
05/06/2560, 11:51:29, 4, 0, D:\Source\VisualStudio6\BWG\BWG_App\reports\CR03.rpt:Error detected by database DLL.
05/06/2560, 11:51:40, 4, 0, D:\Source\VisualStudio6\BWG\BWG_App\reports\CR03.rpt:Error detected by database DLL.
17/01/2561, 9:38:41, 4, 0, D:\Source\VisualStudio6\BWG\BWG_App\reports\CR03050660.rpt:Error detected by database DLL.
17/01/2561, 9:38:45, 4, 0, D:\Source\VisualStudio6\BWG\BWG_App\reports\CR03050660.rpt:Error detected by database DLL.
22/01/2561, 9:36:51, 4, 0, D:\Source\VisualStudio6\BWG\BWG_App\reports\CustInvoice_AKP.rpt:The matching " for this string is missing.
22/01/2561, 9:38:03, 4, 0, D:\Source\VisualStudio6\BWG\BWG_App\reports\CustInvoice_AKP.rpt:The matching " for this string is missing.
22/01/2561, 9:38:10, 4, 0, D:\Source\VisualStudio6\BWG\BWG_App\reports\CustInvoice_AKP.rpt:The matching " for this string is missing.
22/01/2561, 9:46:47, 4, 0, D:\Source\VisualStudio6\BWG\BWG_App\reports\CustInvoice_AKP.rpt:The matching " for this string is missing.
22/01/2561, 9:53:33, 4, 0, D:\Source\VisualStudio6\BWG\BWG_App\reports\CustInvoice_AKP.rpt:The matching " for this string is missing.
01/02/2561, 15:21:45, 4, 0, :File not found.
01/02/2561, 15:21:45, 4, 0, :File not found.
01/02/2561, 15:21:52, 4, 0, :File not found.
01/02/2561, 15:21:54, 4, 0, :File not found.
01/02/2561, 15:21:56, 4, 0, :File not found.
06/04/2561, 13:12:05, 4, 0, D:\Source\VisualStudio6\BWG\BWG_App\reports\CustInvoice_AKP.rpt:The matching " for this string is missing.
06/04/2561, 13:18:10, 4, 0, D:\Source\VisualStudio6\BWG\BWG_App\reports\CustInvoice_AKP.rpt:The matching " for this string is missing.
06/04/2561, 13:23:01, 4, 0, D:\Source\VisualStudio6\BWG\BWG_App\reports\CustInvoice_AKP.rpt:The matching " for this string is missing.
06/04/2561, 13:32:01, 4, 0, D:\Source\VisualStudio6\BWG\BWG_App\reports\CustInvoice_AKP.rpt:The matching " for this string is missing.
06/04/2561, 13:33:27, 4, 0, D:\Source\VisualStudio6\BWG\BWG_App\reports\CustInvoice_AKP.rpt:The matching " for this string is missing.
06/04/2561, 13:35:11, 4, 0, D:\Source\VisualStudio6\BWG\BWG_App\reports\CustInvoice_AKP.rpt:The matching " for this string is missing.
06/04/2561, 13:35:13, 4, 0, D:\Source\VisualStudio6\BWG\BWG_App\reports\CustInvoice_AKP.rpt:The matching " for this string is missing.
06/04/2561, 13:35:20, 4, 0, D:\Source\VisualStudio6\BWG\BWG_App\reports\CustInvoice_AKP.rpt:The matching " for this string is missing.
10/07/2561, 9:43:24, 4, 0, D:\Source\VisualStudio6\BWG\BWG_App\reports\CustInvoice_AKP.rpt:The remaining text does not appear to be part of the formula.
10/07/2561, 9:44:30, 4, 0, D:\Source\VisualStudio6\BWG\BWG_App\reports\CustInvoice_AKP.rpt:The remaining text does not appear to be part of the formula.
10/07/2561, 9:45:59, 4, 0, D:\Source\VisualStudio6\BWG\BWG_App\reports\CustInvoice_AKP.rpt:The remaining text does not appear to be part of the formula.
10/07/2561, 9:47:13, 4, 0, D:\Source\VisualStudio6\BWG\BWG_App\reports\CustInvoice_AKP.rpt:The remaining text does not appear to be part of the formula.
08/09/2561, 14:18:54, 4, 0, D:\Source\VisualStudio6\BWG\BWG_App\reports\Incomes_MD.rpt:Error detected by database DLL.
15/12/2561, 16:02:28, 4, 0, D:\Source\AKPApp\VisualStudio6\BWG\BWG_App\reports\AdjustDept.rpt:The remaining text does not appear to be part of the formula.
15/12/2561, 16:02:28, 4, 0, D:\Source\AKPApp\VisualStudio6\BWG\BWG_App\reports\AdjustDept.rpt:The remaining text does not appear to be part of the formula.
15/12/2561, 16:02:28, 4, 0, D:\Source\AKPApp\VisualStudio6\BWG\BWG_App\reports\AdjustDept.rpt:The remaining text does not appear to be part of the formula.
15/12/2561, 16:06:10, 4, 0, D:\Source\AKPApp\VisualStudio6\BWG\BWG_App\reports\AdjustDept.rpt:The remaining text does not appear to be part of the formula.
15/12/2561, 16:06:10, 4, 0, D:\Source\AKPApp\VisualStudio6\BWG\BWG_App\reports\AdjustDept.rpt:The remaining text does not appear to be part of the formula.
15/12/2561, 16:06:10, 4, 0, D:\Source\AKPApp\VisualStudio6\BWG\BWG_App\reports\AdjustDept.rpt:The remaining text does not appear to be part of the formula.
14/01/2562, 15:22:30, 4, 0, D:\Source\AKPApp\VisualStudio6\BWG\BWG_App\reports\CustInvoice_AKP.rpt:The matching " for this string is missing.
14/01/2562, 15:23:31, 4, 0, D:\Source\AKPApp\VisualStudio6\BWG\BWG_App\reports\CustInvoice_AKP.rpt:The matching " for this string is missing.
16/01/2562, 14:55:30, 4, 0, D:\Source\AKPApp\VisualStudio6\BWG\BWG_App\Reports\QuotationLst.rpt:Error detected by database DLL.
16/01/2562, 15:45:31, 4, 0, D:\Source\AKPApp\VisualStudio6\BWG\BWG_App\Reports\rptcheckorder.rpt:Error detected by database DLL.
01/02/2562, 10:57:14, 4, 0, D:\Source\AKPApp\VisualStudio6\BWG\BWG_App\Reports\rptcheckorder.rpt:Error detected by database DLL.
01/02/2562, 10:57:20, 4, 0, D:\Source\AKPApp\VisualStudio6\BWG\BWG_App\Reports\rptcheckorder.rpt:Error detected by database DLL.
01/02/2562, 10:59:09, 4, 0, D:\Source\AKPApp\VisualStudio6\BWG\BWG_App\Reports\rptcheckorder.rpt:Error detected by database DLL.
01/02/2562, 10:59:44, 4, 0, D:\Source\AKPApp\VisualStudio6\BWG\BWG_App\Reports\rptcheckorder.rpt:Error detected by database DLL.
01/02/2562, 10:59:47, 4, 0, D:\Source\AKPApp\VisualStudio6\BWG\BWG_App\Reports\rptcheckorder.rpt:Error detected by database DLL.
02/02/2562, 10:00:27, 4, 0, D:\Source\AKPApp\VisualStudio6\BWG\BWG_App\Reports\rptcheckorder.rpt:Error detected by database DLL.
02/02/2562, 10:01:10, 4, 0, D:\Source\AKPApp\VisualStudio6\BWG\BWG_App\Reports\rptcheckorder.rpt:Error detected by database DLL.
02/02/2562, 10:01:23, 4, 0, D:\Source\AKPApp\VisualStudio6\BWG\BWG_App\Reports\rptcheckorder.rpt:Error detected by database DLL.
02/02/2562, 10:01:31, 4, 0, D:\Source\AKPApp\VisualStudio6\BWG\BWG_App\Reports\rptcheckorder.rpt:Error detected by database DLL.
02/02/2562, 10:01:37, 4, 0, D:\Source\AKPApp\VisualStudio6\BWG\BWG_App\Reports\rptcheckorder.rpt:Error detected by database DLL.
02/02/2562, 10:01:38, 4, 0, D:\Source\AKPApp\VisualStudio6\BWG\BWG_App\Reports\rptcheckorder.rpt:Error detected by database DLL.
02/02/2562, 10:01:38, 4, 0, D:\Source\AKPApp\VisualStudio6\BWG\BWG_App\Reports\rptcheckorder.rpt:Error detected by database DLL.
11/02/2562, 9:46:15, 4, 0, D:\Source\AKPApp\VisualStudio6\BWG\BWG_App\Reports\rptcheckorder.rpt:The file is in use by another application.
11/02/2562, 10:30:18, 4, 0, D:\Source\AKPApp\VisualStudio6\BWG\BWG_App\Reports\rptcheckorder.rpt:The file is in use by another application.
11/02/2562, 11:31:42, 4, 0, D:\Source\AKPApp\VisualStudio6\BWG\BWG_App\Reports\rptcheckorder.rpt:The file is in use by another application.
06/03/2562, 14:52:04, 4, 0, D:\Source\AKPApp\VisualStudio6\BWG\BWG_App\Reports\QuotationAKP2.rpt:The matching " for this string is missing.
06/03/2562, 14:52:04, 4, 0, D:\Source\AKPApp\VisualStudio6\BWG\BWG_App\Reports\QuotationAKP2.rpt:The matching " for this string is missing.
06/03/2562, 14:52:04, 4, 0, D:\Source\AKPApp\VisualStudio6\BWG\BWG_App\Reports\QuotationAKP2.rpt:The matching " for this string is missing.
06/03/2562, 14:52:14, 4, 0, D:\Source\AKPApp\VisualStudio6\BWG\BWG_App\Reports\QuotationAKP2.rpt:The matching " for this string is missing.
06/03/2562, 14:52:14, 4, 0, D:\Source\AKPApp\VisualStudio6\BWG\BWG_App\Reports\QuotationAKP2.rpt:The matching " for this string is missing.
06/03/2562, 14:52:14, 4, 0, D:\Source\AKPApp\VisualStudio6\BWG\BWG_App\Reports\QuotationAKP2.rpt:The matching " for this string is missing.
07/03/2562, 16:39:31, 4, 0, D:\Source\AKPApp\VisualStudio6\BWG\BWG_App\reports\TRN10A1.rpt:Error detected by database DLL.
07/03/2562, 16:39:37, 4, 0, D:\Source\AKPApp\VisualStudio6\BWG\BWG_App\reports\TRN10A1.rpt:Error detected by database DLL.
07/03/2562, 16:39:59, 4, 0, D:\Source\AKPApp\VisualStudio6\BWG\BWG_App\reports\TRN10A1.rpt:Error detected by database DLL.
07/03/2562, 16:40:02, 4, 0, D:\Source\AKPApp\VisualStudio6\BWG\BWG_App\reports\TRN10A1.rpt:Error detected by database DLL.
22/01/2563, 16:50:21, 4, 0, D:\Source\AKPApp\VisualStudio6\BWG\BWG_App\reports\CustReceipt_AKP.rpt:Page Header plus Page Footer is too large for the page.
22/01/2563, 16:50:27, 4, 0, D:\Source\AKPApp\VisualStudio6\BWG\BWG_App\reports\CustReceipt_AKP.rpt:Page Header plus Page Footer is too large for the page.
04/02/2563, 15:45:40, 4, 0, D:\Source\AKPApp\VisualStudio6\BWG\BWG_App\reports\CustReceipt_AKP.rpt:The remaining text does not appear to be part of the formula.
07/03/2563, 9:50:29, 4, 0, D:\Source\AKPApp\VisualStudio6\BWG\BWG_App\Reports\QuotationAKPTruck.rpt:Page Header plus Page Footer is too large for the page.
07/03/2563, 9:50:29, 4, 0, D:\Source\AKPApp\VisualStudio6\BWG\BWG_App\Reports\QuotationAKPTruck.rpt:Page Header plus Page Footer is too large for the page.
07/03/2563, 9:54:59, 4, 0, D:\Source\AKPApp\VisualStudio6\BWG\BWG_App\Reports\QuotationAKPTruck.rpt:Page Header plus Page Footer is too large for the page.
07/03/2563, 9:54:59, 4, 0, D:\Source\AKPApp\VisualStudio6\BWG\BWG_App\Reports\QuotationAKPTruck.rpt:Page Header plus Page Footer is too large for the page.
07/03/2563, 9:56:16, 4, 0, D:\Source\AKPApp\VisualStudio6\BWG\BWG_App\Reports\QuotationAKPTruck.rpt:Error detected by database DLL.
07/03/2563, 9:58:14, 4, 0, D:\Source\AKPApp\VisualStudio6\BWG\BWG_App\Reports\QuotationAKPTruck.rpt:Error detected by database DLL.
07/03/2563, 9:59:30, 4, 0, D:\Source\AKPApp\VisualStudio6\BWG\BWG_App\Reports\QuotationAKPTruck.rpt:Error detected by database DLL.
07/03/2563, 10:01:26, 4, 0, D:\Source\AKPApp\VisualStudio6\BWG\BWG_App\Reports\QuotationAKPTruck.rpt:Error detected by database DLL.
07/03/2563, 10:01:38, 4, 0, D:\Source\AKPApp\VisualStudio6\BWG\BWG_App\Reports\QuotationAKPTruck.rpt:Error detected by database DLL.
07/03/2563, 10:01:55, 4, 0, D:\Source\AKPApp\VisualStudio6\BWG\BWG_App\Reports\QuotationAKPTruck.rpt:Page Header plus Page Footer is too large for the page.
07/03/2563, 10:01:55, 4, 0, D:\Source\AKPApp\VisualStudio6\BWG\BWG_App\Reports\QuotationAKPTruck.rpt:Page Header plus Page Footer is too large for the page.
07/03/2563, 10:01:56, 4, 0, D:\Source\AKPApp\VisualStudio6\BWG\BWG_App\Reports\QuotationAKPTruck.rpt:Page Header plus Page Footer is too large for the page.
07/03/2563, 10:01:56, 4, 0, D:\Source\AKPApp\VisualStudio6\BWG\BWG_App\Reports\QuotationAKPTruck.rpt:Page Header plus Page Footer is too large for the page.
07/03/2563, 10:02:17, 4, 0, D:\Source\AKPApp\VisualStudio6\BWG\BWG_App\Reports\QuotationAKPTruck.rpt:Page Header plus Page Footer is too large for the page.
07/03/2563, 10:02:17, 4, 0, D:\Source\AKPApp\VisualStudio6\BWG\BWG_App\Reports\QuotationAKPTruck.rpt:Page Header plus Page Footer is too large for the page.
07/03/2563, 10:02:39, 4, 0, D:\Source\AKPApp\VisualStudio6\BWG\BWG_App\Reports\QuotationAKPTruck.rpt:Error detected by database DLL.
07/03/2563, 10:04:43, 4, 0, D:\Source\AKPApp\VisualStudio6\BWG\BWG_App\Reports\QuotationAKPTruck.rpt:Error detected by database DLL.
07/03/2563, 10:27:41, 4, 0, D:\Source\AKPApp\VisualStudio6\BWG\BWG_App\Reports\QuotationAKPTruck.rpt:Error detected by database DLL.
07/03/2563, 10:28:46, 4, 0, D:\Source\AKPApp\VisualStudio6\BWG\BWG_App\Reports\QuotationAKPTruck.rpt:Error detected by database DLL.
07/03/2563, 10:29:03, 4, 0, D:\Source\AKPApp\VisualStudio6\BWG\BWG_App\Reports\QuotationAKPTruck.rpt:Error detected by database DLL.
07/03/2563, 10:29:07, 4, 0, D:\Source\AKPApp\VisualStudio6\BWG\BWG_App\Reports\QuotationAKPTruck.rpt:Error detected by database DLL.
07/03/2563, 10:29:19, 4, 0, D:\Source\AKPApp\VisualStudio6\BWG\BWG_App\Reports\QuotationAKPTruck.rpt:Error detected by database DLL.
07/03/2563, 10:29:30, 4, 0, D:\Source\AKPApp\VisualStudio6\BWG\BWG_App\Reports\QuotationAKPTruck.rpt:Error detected by database DLL.
07/03/2563, 10:30:53, 4, 0, D:\Source\AKPApp\VisualStudio6\BWG\BWG_App\Reports\QuotationAKPTruck.rpt:Error detected by database DLL.
07/03/2563, 10:31:10, 4, 0, D:\Source\AKPApp\VisualStudio6\BWG\BWG_App\Reports\QuotationAKPTruck.rpt:Error detected by database DLL.
07/03/2563, 10:31:35, 4, 0, D:\Source\AKPApp\VisualStudio6\BWG\BWG_App\Reports\QuotationAKPTruck.rpt:Error detected by database DLL.
07/03/2563, 10:40:58, 4, 0, D:\Source\AKPApp\VisualStudio6\BWG\BWG_App\Reports\QuotationAKPTruck.rpt:Page Header plus Page Footer is too large for the page.
07/03/2563, 10:40:58, 4, 0, D:\Source\AKPApp\VisualStudio6\BWG\BWG_App\Reports\QuotationAKPTruck.rpt:Page Header plus Page Footer is too large for the page.
07/03/2563, 10:41:06, 4, 0, D:\Source\AKPApp\VisualStudio6\BWG\BWG_App\Reports\QuotationAKPTruck.rpt:The page size was not large enough to format the contents of an object in the report.
07/03/2563, 10:41:30, 4, 0, D:\Source\AKPApp\VisualStudio6\BWG\BWG_App\Reports\QuotationAKPTruck.rpt:The page size was not large enough to format the contents of an object in the report.
18/03/2563, 11:32:30, 4, 0, D:\Source\AKPApp\VisualStudio6\BWG\BWG_App\reports\FIN15A.rpt:Error detected by database DLL.
18/03/2563, 11:32:43, 4, 0, D:\Source\AKPApp\VisualStudio6\BWG\BWG_App\reports\FIN15A.rpt:Error detected by database DLL.
18/03/2563, 11:32:53, 4, 0, D:\Source\AKPApp\VisualStudio6\BWG\BWG_App\reports\FIN15A.rpt:Error detected by database DLL.
18/03/2563, 11:34:54, 4, 0, D:\Source\AKPApp\VisualStudio6\BWG\BWG_App\reports\FIN15A.rpt:Error detected by database DLL.
18/03/2563, 11:34:58, 4, 0, D:\Source\AKPApp\VisualStudio6\BWG\BWG_App\reports\FIN15A.rpt:Error detected by database DLL.
18/03/2563, 11:35:03, 4, 0, D:\Source\AKPApp\VisualStudio6\BWG\BWG_App\reports\FIN15A.rpt:Error detected by database DLL.
18/03/2563, 11:35:27, 4, 0, D:\Source\AKPApp\VisualStudio6\BWG\BWG_App\reports\FIN15A.rpt:Error detected by database DLL.
18/03/2563, 11:35:38, 4, 0, D:\Source\AKPApp\VisualStudio6\BWG\BWG_App\reports\FIN15A.rpt:Error detected by database DLL.
18/03/2563, 11:35:39, 4, 0, D:\Source\AKPApp\VisualStudio6\BWG\BWG_App\reports\FIN15A.rpt:Error detected by database DLL.
18/03/2563, 11:36:03, 4, 0, D:\Source\AKPApp\VisualStudio6\BWG\BWG_App\reports\FIN15A.rpt:Error detected by database DLL.
18/03/2563, 11:36:08, 4, 0, D:\Source\AKPApp\VisualStudio6\BWG\BWG_App\reports\FIN15A.rpt:Error detected by database DLL.
18/03/2563, 11:36:10, 4, 0, D:\Source\AKPApp\VisualStudio6\BWG\BWG_App\reports\FIN15A.rpt:Error detected by database DLL.
18/03/2563, 11:39:49, 4, 0, D:\Source\AKPApp\VisualStudio6\BWG\BWG_App\reports\FIN15A.rpt:Error detected by database DLL.
18/03/2563, 11:40:15, 4, 0, D:\Source\AKPApp\VisualStudio6\BWG\BWG_App\reports\FIN15A.rpt:Error detected by database DLL.
18/03/2563, 11:41:58, 4, 0, D:\Source\AKPApp\VisualStudio6\BWG\BWG_App\reports\FIN15A.rpt:Error detected by database DLL.
18/03/2563, 11:46:40, 4, 0, D:\Source\AKPApp\VisualStudio6\BWG\BWG_App\reports\FIN15A.rpt:Error detected by database DLL.
18/03/2563, 11:49:42, 4, 0, D:\Source\AKPApp\VisualStudio6\BWG\BWG_App\reports\FIN15A.rpt:Error detected by database DLL.
18/03/2563, 11:49:45, 4, 0, D:\Source\AKPApp\VisualStudio6\BWG\BWG_App\reports\FIN15A.rpt:Error detected by database DLL.
18/03/2563, 11:52:20, 4, 0, D:\Source\AKPApp\VisualStudio6\BWG\BWG_App\reports\FIN15A.rpt:Error detected by database DLL.
18/03/2563, 11:53:06, 4, 0, D:\Source\AKPApp\VisualStudio6\BWG\BWG_App\reports\FIN15A.rpt:Error detected by database DLL.
18/03/2563, 11:53:40, 4, 0, D:\Source\AKPApp\VisualStudio6\BWG\BWG_App\reports\FIN15A.rpt:Error detected by database DLL.
18/03/2563, 11:56:21, 4, 0, D:\Source\AKPApp\VisualStudio6\BWG\BWG_App\reports\FIN15A.rpt:Error detected by database DLL.
18/03/2563, 13:06:13, 4, 0, D:\Source\AKPApp\VisualStudio6\BWG\BWG_App\reports\FIN15A.rpt:Error detected by database DLL.
18/03/2563, 13:08:22, 4, 0, D:\Source\AKPApp\VisualStudio6\BWG\BWG_App\reports\FIN15A.rpt:Error detected by database DLL.
18/03/2563, 13:08:56, 4, 0, D:\Source\AKPApp\VisualStudio6\BWG\BWG_App\reports\FIN15A.rpt:Error detected by database DLL.
18/03/2563, 13:11:07, 4, 0, D:\Source\AKPApp\VisualStudio6\BWG\BWG_App\reports\FIN15A.rpt:Error detected by database DLL.
18/03/2563, 13:13:52, 4, 0, D:\Source\AKPApp\VisualStudio6\BWG\BWG_App\reports\FIN15A.rpt:Error detected by database DLL.
18/03/2563, 13:14:19, 4, 0, D:\Source\AKPApp\VisualStudio6\BWG\BWG_App\reports\FIN15A.rpt:Error detected by database DLL.
18/03/2563, 13:14:45, 4, 0, D:\Source\AKPApp\VisualStudio6\BWG\BWG_App\reports\FIN15A.rpt:Error detected by database DLL.
18/03/2563, 13:58:51, 4, 0, D:\Source\AKPApp\VisualStudio6\BWG\BWG_App\reports\FIN15A.rpt:Error detected by database DLL.
03/04/2563, 15:15:57, 4, 0, D:\Source\AKPApp\VisualStudio6\BWG\BWG_App\reports\CustInvoice_AKP.rpt:The matching " for this string is missing.
03/04/2563, 15:24:55, 4, 0, D:\Source\AKPApp\VisualStudio6\BWG\BWG_App\reports\CustInvoice_AKP.rpt:The matching " for this string is missing.
03/04/2563, 16:01:42, 4, 0, D:\Source\AKPApp\VisualStudio6\BWG\BWG_App\reports\CustInvoice_AKP.rpt:The matching " for this string is missing.
03/04/2563, 16:09:25, 4, 0, D:\Source\AKPApp\VisualStudio6\BWG\BWG_App\reports\CustInvoice_AKP.rpt:The matching " for this string is missing.
03/04/2563, 16:14:54, 4, 0, D:\Source\AKPApp\VisualStudio6\BWG\BWG_App\reports\CustInvoice_AKP.rpt:The matching " for this string is missing.
03/04/2563, 16:16:45, 4, 0, D:\Source\AKPApp\VisualStudio6\BWG\BWG_App\reports\CustInvoice_AKP.rpt:The matching " for this string is missing.
03/04/2563, 16:21:46, 4, 0, D:\Source\AKPApp\VisualStudio6\BWG\BWG_App\reports\CustInvoice_AKP.rpt:The matching " for this string is missing.
03/04/2563, 16:24:18, 4, 0, D:\Source\AKPApp\VisualStudio6\BWG\BWG_App\reports\CustInvoice_AKP.rpt:The matching " for this string is missing.
03/04/2563, 16:30:37, 4, 0, D:\Source\AKPApp\VisualStudio6\BWG\BWG_App\reports\CustInvoice_AKP.rpt:The matching " for this string is missing.
03/04/2563, 16:33:16, 4, 0, D:\Source\AKPApp\VisualStudio6\BWG\BWG_App\reports\CustInvoice_AKP.rpt:The matching " for this string is missing.
03/04/2563, 16:34:21, 4, 0, D:\Source\AKPApp\VisualStudio6\BWG\BWG_App\reports\CustInvoice_AKP.rpt:The matching " for this string is missing.
03/04/2563, 16:34:25, 4, 0, :Too many open files.
03/04/2563, 16:34:27, 4, 0, :Too many open files.
06/04/2563, 9:59:55, 4, 0, D:\Source\AKPApp\VisualStudio6\BWG\BWG_App\reports\CustInvoice_AKP.rpt:The matching " for this string is missing.
06/04/2563, 10:03:27, 4, 0, D:\Source\AKPApp\VisualStudio6\BWG\BWG_App\reports\CustInvoice_AKP.rpt:The matching " for this string is missing.
06/04/2563, 10:08:01, 4, 0, D:\Source\AKPApp\VisualStudio6\BWG\BWG_App\reports\CustInvoice_AKP.rpt:The matching " for this string is missing.
06/04/2563, 10:13:30, 4, 0, D:\Source\AKPApp\VisualStudio6\BWG\BWG_App\reports\CustInvoice_AKP.rpt:The matching " for this string is missing.
06/04/2563, 10:19:04, 4, 0, D:\Source\AKPApp\VisualStudio6\BWG\BWG_App\reports\CustInvoice_AKP.rpt:The matching " for this string is missing.
06/04/2563, 10:24:32, 4, 0, D:\Source\AKPApp\VisualStudio6\BWG\BWG_App\reports\CustInvoice_AKP.rpt:The matching " for this string is missing.
06/04/2563, 10:31:28, 4, 0, D:\Source\AKPApp\VisualStudio6\BWG\BWG_App\reports\CustInvoice_AKP.rpt:The matching " for this string is missing.
06/04/2563, 10:32:55, 4, 0, D:\Source\AKPApp\VisualStudio6\BWG\BWG_App\reports\CustInvoice_AKP.rpt:The matching " for this string is missing.
06/04/2563, 10:35:29, 4, 0, D:\Source\AKPApp\VisualStudio6\BWG\BWG_App\reports\CustInvoice_AKP.rpt:The matching " for this string is missing.
06/04/2563, 10:39:17, 4, 0, D:\Source\AKPApp\VisualStudio6\BWG\BWG_App\reports\CustInvoice_AKP.rpt:The matching " for this string is missing.
06/04/2563, 10:40:23, 4, 0, D:\Source\AKPApp\VisualStudio6\BWG\BWG_App\reports\CustInvoice_AKP.rpt:The matching " for this string is missing.
06/04/2563, 10:43:41, 4, 0, D:\Source\AKPApp\VisualStudio6\BWG\BWG_App\reports\CustInvoice_AKP.rpt:The matching " for this string is missing.
06/04/2563, 10:45:57, 4, 0, D:\Source\AKPApp\VisualStudio6\BWG\BWG_App\reports\CustInvoice_AKP.rpt:The matching " for this string is missing.
06/04/2563, 10:47:24, 4, 0, D:\Source\AKPApp\VisualStudio6\BWG\BWG_App\reports\CustInvoice_AKP.rpt:The matching " for this string is missing.
06/04/2563, 10:54:25, 4, 0, D:\Source\AKPApp\VisualStudio6\BWG\BWG_App\reports\CustInvoice_AKP.rpt:The matching " for this string is missing.
06/04/2563, 11:00:42, 4, 0, D:\Source\AKPApp\VisualStudio6\BWG\BWG_App\reports\CustInvoice_AKP.rpt:The matching " for this string is missing.
06/04/2563, 11:00:46, 4, 0, :Too many open files.
06/04/2563, 11:00:49, 4, 0, :Too many open files.
06/04/2563, 11:02:54, 4, 0, D:\Source\AKPApp\VisualStudio6\BWG\BWG_App\reports\CustInvoice_AKP.rpt:The matching " for this string is missing.
06/04/2563, 11:06:27, 4, 0, D:\Source\AKPApp\VisualStudio6\BWG\BWG_App\reports\CustInvoice_AKP.rpt:The matching " for this string is missing.
06/04/2563, 11:12:35, 4, 0, D:\Source\AKPApp\VisualStudio6\BWG\BWG_App\reports\CustInvoice_AKP.rpt:The matching " for this string is missing.
06/04/2563, 11:14:56, 4, 0, D:\Source\AKPApp\VisualStudio6\BWG\BWG_App\reports\CustInvoice_AKP.rpt:The matching " for this string is missing.
06/04/2563, 11:16:33, 4, 0, D:\Source\AKPApp\VisualStudio6\BWG\BWG_App\reports\CustInvoice_AKP.rpt:The matching " for this string is missing.
06/04/2563, 11:21:38, 4, 0, :Too many open files.
17/04/2563, 14:03:24, 4, 0, D:\Source\AKPApp\VisualStudio6\BWG\BWG_App\reports\FIN15A.rpt:Error detected by database DLL.
17/04/2563, 14:04:58, 4, 0, D:\Source\AKPApp\VisualStudio6\BWG\BWG_App\reports\FIN15A.rpt:Error detected by database DLL.
17/04/2563, 14:05:00, 4, 0, D:\Source\AKPApp\VisualStudio6\BWG\BWG_App\reports\FIN15A.rpt:Error detected by database DLL.
17/04/2563, 14:05:18, 4, 0, D:\Source\AKPApp\VisualStudio6\BWG\BWG_App\reports\FIN15A.rpt:Error detected by database DLL.
17/04/2563, 14:06:14, 4, 0, D:\Source\AKPApp\VisualStudio6\BWG\BWG_App\reports\FIN15A.rpt:Error detected by database DLL.
17/04/2563, 14:08:45, 4, 0, D:\Source\AKPApp\VisualStudio6\BWG\BWG_App\reports\FIN15AOld.rpt:Error detected by database DLL.
17/04/2563, 14:09:05, 4, 0, :File not found.
17/04/2563, 14:09:05, 4, 0, :File not found.
17/04/2563, 14:14:07, 4, 0, D:\Source\AKPApp\VisualStudio6\BWG\BWG_App\reports\FIN15A.rpt:Error detected by database DLL.
17/04/2563, 14:19:00, 4, 0, D:\Source\AKPApp\VisualStudio6\BWG\BWG_App\reports\FIN15A.rpt:Error detected by database DLL.
17/04/2563, 14:19:58, 4, 0, D:\Source\AKPApp\VisualStudio6\BWG\BWG_App\reports\FIN15A.rpt:Error detected by database DLL.
17/04/2563, 14:20:45, 4, 0, D:\Source\AKPApp\VisualStudio6\BWG\BWG_App\reports\FIN15A.rpt:Error detected by database DLL.
17/04/2563, 14:20:55, 4, 0, D:\Source\AKPApp\VisualStudio6\BWG\BWG_App\reports\FIN15A.rpt:Error detected by database DLL.
17/04/2563, 14:21:20, 4, 0, D:\Source\AKPApp\VisualStudio6\BWG\BWG_App\reports\FIN15A.rpt:Error detected by database DLL.
20/05/2563, 14:06:58, 4, 0, D:\Source\AKPApp\VisualStudio6\BWG\BWG_App\reports\rptord06.rpt:Error detected by database DLL.
20/05/2563, 15:03:32, 4, 0, D:\Source\AKPApp\VisualStudio6\BWG\BWG_App\reports\rptord06.rpt:Error detected by database DLL.
20/05/2563, 15:18:01, 4, 0, D:\Source\AKPApp\VisualStudio6\BWG\BWG_App\reports\rptord06.rpt:Error detected by database DLL.
20/05/2563, 15:18:06, 4, 0, D:\Source\AKPApp\VisualStudio6\BWG\BWG_App\reports\rptord06.rpt:Error detected by database DLL.
30/05/2563, 9:31:17, 4, 0, D:\Source\AKPApp\VisualStudio6\BWG\BWG_App\reports\SampleForm.rpt:The matching " for this string is missing.
30/05/2563, 9:32:02, 4, 0, D:\Source\AKPApp\VisualStudio6\BWG\BWG_App\reports\SampleForm.rpt:The matching " for this string is missing.
30/05/2563, 9:34:28, 4, 0, D:\Source\AKPApp\VisualStudio6\BWG\BWG_App\reports\SampleForm.rpt:The matching " for this string is missing.
30/05/2563, 9:41:08, 4, 0, D:\Source\AKPApp\VisualStudio6\BWG\BWG_App\reports\SampleForm.rpt:The matching " for this string is missing.
30/05/2563, 9:47:05, 4, 0, D:\Source\AKPApp\VisualStudio6\BWG\BWG_App\reports\SampleForm.rpt:The matching " for this string is missing.
30/05/2563, 9:48:20, 4, 0, D:\Source\AKPApp\VisualStudio6\BWG\BWG_App\reports\SampleForm.rpt:The matching " for this string is missing.
30/05/2563, 9:49:02, 4, 0, D:\Source\AKPApp\VisualStudio6\BWG\BWG_App\reports\SampleForm.rpt:The matching " for this string is missing.
30/05/2563, 9:49:12, 4, 0, D:\Source\AKPApp\VisualStudio6\BWG\BWG_App\reports\SampleForm.rpt:The matching " for this string is missing.
17/07/2563, 15:34:44, 4, 0, D:\Source\AKPApp\VisualStudio6\BWG\BWG_App\reports\TRN13_MD.rpt:Error detected by database DLL.
17/07/2563, 15:34:47, 4, 0, D:\Source\AKPApp\VisualStudio6\BWG\BWG_App\reports\TRN13_MD.rpt:Error detected by database DLL.
13/08/2563, 16:29:05, 4, 0, D:\Source\AKPApp\VisualStudio6\BWG\BWG_App\reports\FIN09_2.rpt:Error detected by database DLL.
13/08/2563, 16:29:10, 4, 0, D:\Source\AKPApp\VisualStudio6\BWG\BWG_App\reports\FIN09_2.rpt:Error detected by database DLL.
13/08/2563, 16:30:46, 4, 0, D:\Source\AKPApp\VisualStudio6\BWG\BWG_App\reports\FIN09_2.rpt:Error detected by database DLL.
13/08/2563, 16:30:58, 4, 0, D:\Source\AKPApp\VisualStudio6\BWG\BWG_App\reports\FIN09_2.rpt:Error detected by database DLL.
13/08/2563, 16:31:05, 4, 0, D:\Source\AKPApp\VisualStudio6\BWG\BWG_App\reports\FIN09_2.rpt:Error detected by database DLL.
13/08/2563, 16:31:07, 4, 0, D:\Source\AKPApp\VisualStudio6\BWG\BWG_App\reports\FIN09_2.rpt:Error detected by database DLL.
13/08/2563, 16:31:08, 4, 0, D:\Source\AKPApp\VisualStudio6\BWG\BWG_App\reports\FIN09_2.rpt:Error detected by database DLL.
13/08/2563, 16:33:50, 4, 0, D:\Source\AKPApp\VisualStudio6\BWG\BWG_App\reports\FIN09_2.rpt:Error detected by database DLL.
13/08/2563, 16:33:57, 4, 0, D:\Source\AKPApp\VisualStudio6\BWG\BWG_App\reports\FIN09_2.rpt:Error detected by database DLL.
13/08/2563, 16:35:44, 4, 0, D:\Source\AKPApp\VisualStudio6\BWG\BWG_App\reports\FIN09_2.rpt:Error detected by database DLL.
13/08/2563, 16:35:47, 4, 0, D:\Source\AKPApp\VisualStudio6\BWG\BWG_App\reports\FIN09_2.rpt:Error detected by database DLL.
13/08/2563, 16:38:41, 4, 0, D:\Source\AKPApp\VisualStudio6\BWG\BWG_App\reports\FIN09_2.rpt:Error detected by database DLL.
13/08/2563, 16:40:27, 4, 0, D:\Source\AKPApp\VisualStudio6\BWG\BWG_App\reports\FIN09_2.rpt:Error detected by database DLL.
13/08/2563, 16:50:03, 4, 0, D:\Source\AKPApp\VisualStudio6\BWG\BWG_App\reports\FIN09_2.rpt:This field name is not known.
13/08/2563, 16:50:03, 4, 0, D:\Source\AKPApp\VisualStudio6\BWG\BWG_App\reports\FIN09_2.rpt:This field name is not known.
13/08/2563, 16:50:03, 4, 0, D:\Source\AKPApp\VisualStudio6\BWG\BWG_App\reports\FIN09_2.rpt:This field name is not known.
13/08/2563, 17:01:31, 4, 0, D:\Source\AKPApp\VisualStudio6\BWG\BWG_App\reports\FIN09_2.rpt:This field name is not known.
13/08/2563, 17:01:31, 4, 0, D:\Source\AKPApp\VisualStudio6\BWG\BWG_App\reports\FIN09_2.rpt:This field name is not known.
13/08/2563, 17:01:31, 4, 0, D:\Source\AKPApp\VisualStudio6\BWG\BWG_App\reports\FIN09_2.rpt:This field name is not known.
14/08/2563, 8:19:59, 4, 0, D:\Source\AKPApp\VisualStudio6\BWG\BWG_App\reports\FIN09_2.rpt:This field name is not known.
14/08/2563, 8:19:59, 4, 0, D:\Source\AKPApp\VisualStudio6\BWG\BWG_App\reports\FIN09_2.rpt:This field name is not known.
14/08/2563, 8:19:59, 4, 0, D:\Source\AKPApp\VisualStudio6\BWG\BWG_App\reports\FIN09_2.rpt:This field name is not known.
14/08/2563, 8:25:06, 4, 0, D:\Source\AKPApp\VisualStudio6\BWG\BWG_App\reports\FIN09_2.rpt:This field name is not known.
14/08/2563, 8:25:06, 4, 0, D:\Source\AKPApp\VisualStudio6\BWG\BWG_App\reports\FIN09_2.rpt:This field name is not known.
14/08/2563, 8:25:06, 4, 0, D:\Source\AKPApp\VisualStudio6\BWG\BWG_App\reports\FIN09_2.rpt:This field name is not known.
14/08/2563, 8:29:06, 4, 0, D:\Source\AKPApp\VisualStudio6\BWG\BWG_App\reports\FIN09_2.rpt:This field name is not known.
14/08/2563, 8:29:06, 4, 0, D:\Source\AKPApp\VisualStudio6\BWG\BWG_App\reports\FIN09_2.rpt:This field name is not known.
14/08/2563, 8:29:06, 4, 0, D:\Source\AKPApp\VisualStudio6\BWG\BWG_App\reports\FIN09_2.rpt:This field name is not known.
14/08/2563, 8:30:12, 4, 0, D:\Source\AKPApp\VisualStudio6\BWG\BWG_App\reports\FIN09_2.rpt:This field name is not known.
14/08/2563, 8:30:12, 4, 0, D:\Source\AKPApp\VisualStudio6\BWG\BWG_App\reports\FIN09_2.rpt:This field name is not known.
14/08/2563, 8:30:12, 4, 0, D:\Source\AKPApp\VisualStudio6\BWG\BWG_App\reports\FIN09_2.rpt:This field name is not known.
14/08/2563, 8:36:03, 4, 0, D:\Source\AKPApp\VisualStudio6\BWG\BWG_App\reports\FIN09_2.rpt:This field name is not known.
14/08/2563, 8:36:03, 4, 0, D:\Source\AKPApp\VisualStudio6\BWG\BWG_App\reports\FIN09_2.rpt:This field name is not known.
14/08/2563, 8:36:03, 4, 0, D:\Source\AKPApp\VisualStudio6\BWG\BWG_App\reports\FIN09_2.rpt:This field name is not known.
14/08/2563, 8:36:05, 4, 0, D:\Source\AKPApp\VisualStudio6\BWG\BWG_App\reports\FIN09_2.rpt:This field name is not known.
14/08/2563, 8:36:05, 4, 0, D:\Source\AKPApp\VisualStudio6\BWG\BWG_App\reports\FIN09_2.rpt:This field name is not known.
14/08/2563, 8:36:05, 4, 0, D:\Source\AKPApp\VisualStudio6\BWG\BWG_App\reports\FIN09_2.rpt:This field name is not known.
14/08/2563, 8:37:17, 4, 0, D:\Source\AKPApp\VisualStudio6\BWG\BWG_App\reports\FIN09_2.rpt:This field name is not known.
14/08/2563, 8:37:17, 4, 0, D:\Source\AKPApp\VisualStudio6\BWG\BWG_App\reports\FIN09_2.rpt:This field name is not known.
14/08/2563, 8:37:17, 4, 0, D:\Source\AKPApp\VisualStudio6\BWG\BWG_App\reports\FIN09_2.rpt:This field name is not known.
14/08/2563, 8:43:48, 4, 0, D:\Source\AKPApp\VisualStudio6\BWG\BWG_App\reports\FIN09_2.rpt:This field name is not known.
14/08/2563, 8:43:48, 4, 0, D:\Source\AKPApp\VisualStudio6\BWG\BWG_App\reports\FIN09_2.rpt:This field name is not known.
14/08/2563, 8:43:48, 4, 0, D:\Source\AKPApp\VisualStudio6\BWG\BWG_App\reports\FIN09_2.rpt:This field name is not known.
14/08/2563, 8:47:25, 4, 0, D:\Source\AKPApp\VisualStudio6\BWG\BWG_App\reports\FIN09_2.rpt:This field name is not known.
14/08/2563, 8:47:25, 4, 0, D:\Source\AKPApp\VisualStudio6\BWG\BWG_App\reports\FIN09_2.rpt:This field name is not known.
14/08/2563, 8:47:25, 4, 0, D:\Source\AKPApp\VisualStudio6\BWG\BWG_App\reports\FIN09_2.rpt:This field name is not known.
14/08/2563, 8:50:02, 4, 0, D:\Source\AKPApp\VisualStudio6\BWG\BWG_App\reports\FIN09_2.rpt:Error detected by database DLL.
14/08/2563, 8:51:01, 4, 0, D:\Source\AKPApp\VisualStudio6\BWG\BWG_App\reports\FIN09_2.rpt:Error detected by database DLL.
14/08/2563, 8:51:13, 4, 0, D:\Source\AKPApp\VisualStudio6\BWG\BWG_App\reports\FIN09_2.rpt:Error detected by database DLL.
14/08/2563, 8:51:48, 4, 0, D:\Source\AKPApp\VisualStudio6\BWG\BWG_App\reports\FIN09_2.rpt:Error detected by database DLL.
14/08/2563, 8:52:24, 4, 0, D:\Source\AKPApp\VisualStudio6\BWG\BWG_App\reports\FIN09_2.rpt:Error detected by database DLL.
14/08/2563, 9:01:08, 4, 0, D:\Source\AKPApp\VisualStudio6\BWG\BWG_App\reports\FIN09_2.rpt:Error detected by database DLL.
14/08/2563, 9:01:24, 4, 0, D:\Source\AKPApp\VisualStudio6\BWG\BWG_App\reports\FIN09_2.rpt:Error detected by database DLL.
19/08/2563, 8:58:17, 4, 0, D:\Source\AKPApp\VisualStudio6\BWG\BWG_App\reports\FIN09_2.rpt:Error detected by database DLL.
19/08/2563, 8:59:17, 4, 0, D:\Source\AKPApp\VisualStudio6\BWG\BWG_App\reports\FIN09_2.rpt:Error detected by database DLL.
19/08/2563, 8:59:58, 4, 0, D:\Source\AKPApp\VisualStudio6\BWG\BWG_App\reports\FIN09_2.rpt:Error detected by database DLL.
03/09/2563, 8:47:34, 4, 0, D:\Source\AKPApp\VisualStudio6\BWG\BWG_App\Reports\QuotationAKPTruck.rpt:There are too many characters in this string.
03/09/2563, 8:47:34, 4, 0, D:\Source\AKPApp\VisualStudio6\BWG\BWG_App\Reports\QuotationAKPTruck.rpt:There are too many characters in this string.
03/09/2563, 8:47:34, 4, 0, D:\Source\AKPApp\VisualStudio6\BWG\BWG_App\Reports\QuotationAKPTruck.rpt:There are too many characters in this string.
03/09/2563, 8:48:22, 4, 0, D:\Source\AKPApp\VisualStudio6\BWG\BWG_App\Reports\QuotationAKPTruck.rpt:There are too many characters in this string.
03/09/2563, 8:48:22, 4, 0, D:\Source\AKPApp\VisualStudio6\BWG\BWG_App\Reports\QuotationAKPTruck.rpt:There are too many characters in this string.
03/09/2563, 8:48:22, 4, 0, D:\Source\AKPApp\VisualStudio6\BWG\BWG_App\Reports\QuotationAKPTruck.rpt:There are too many characters in this string.
03/09/2563, 8:50:25, 4, 0, D:\Source\AKPApp\VisualStudio6\BWG\BWG_App\Reports\QuotationAKPTruck.rpt:There are too many characters in this string.
03/09/2563, 8:50:25, 4, 0, D:\Source\AKPApp\VisualStudio6\BWG\BWG_App\Reports\QuotationAKPTruck.rpt:There are too many characters in this string.
03/09/2563, 8:50:25, 4, 0, D:\Source\AKPApp\VisualStudio6\BWG\BWG_App\Reports\QuotationAKPTruck.rpt:There are too many characters in this string.
03/09/2563, 8:53:29, 4, 0, D:\Source\AKPApp\VisualStudio6\BWG\BWG_App\Reports\QuotationAKPTruck.rpt:There are too many characters in this string.
03/09/2563, 8:53:29, 4, 0, D:\Source\AKPApp\VisualStudio6\BWG\BWG_App\Reports\QuotationAKPTruck.rpt:There are too many characters in this string.
03/09/2563, 8:53:29, 4, 0, D:\Source\AKPApp\VisualStudio6\BWG\BWG_App\Reports\QuotationAKPTruck.rpt:There are too many characters in this string.
03/09/2563, 8:56:53, 4, 0, D:\Source\AKPApp\VisualStudio6\BWG\BWG_App\Reports\QuotationAKPTruck.rpt:There are too many characters in this string.
03/09/2563, 8:56:53, 4, 0, D:\Source\AKPApp\VisualStudio6\BWG\BWG_App\Reports\QuotationAKPTruck.rpt:There are too many characters in this string.
03/09/2563, 8:56:53, 4, 0, D:\Source\AKPApp\VisualStudio6\BWG\BWG_App\Reports\QuotationAKPTruck.rpt:There are too many characters in this string.
03/09/2563, 9:00:43, 4, 0, D:\Source\AKPApp\VisualStudio6\BWG\BWG_App\Reports\QuotationAKPTruck.rpt:There are too many characters in this string.
03/09/2563, 9:00:43, 4, 0, D:\Source\AKPApp\VisualStudio6\BWG\BWG_App\Reports\QuotationAKPTruck.rpt:There are too many characters in this string.
03/09/2563, 9:00:43, 4, 0, D:\Source\AKPApp\VisualStudio6\BWG\BWG_App\Reports\QuotationAKPTruck.rpt:There are too many characters in this string.
03/09/2563, 9:11:18, 4, 0, D:\Source\AKPApp\VisualStudio6\BWG\BWG_App\Reports\QuotationAKPTruck.rpt:There are too many characters in this string.
03/09/2563, 9:11:18, 4, 0, D:\Source\AKPApp\VisualStudio6\BWG\BWG_App\Reports\QuotationAKPTruck.rpt:There are too many characters in this string.
03/09/2563, 9:11:18, 4, 0, D:\Source\AKPApp\VisualStudio6\BWG\BWG_App\Reports\QuotationAKPTruck.rpt:There are too many characters in this string.
03/09/2563, 9:13:13, 4, 0, D:\Source\AKPApp\VisualStudio6\BWG\BWG_App\Reports\QuotationAKPTruck.rpt:There are too many characters in this string.
03/09/2563, 9:13:13, 4, 0, D:\Source\AKPApp\VisualStudio6\BWG\BWG_App\Reports\QuotationAKPTruck.rpt:There are too many characters in this string.
03/09/2563, 9:13:13, 4, 0, D:\Source\AKPApp\VisualStudio6\BWG\BWG_App\Reports\QuotationAKPTruck.rpt:There are too many characters in this string.
03/09/2563, 9:15:05, 4, 0, D:\Source\AKPApp\VisualStudio6\BWG\BWG_App\Reports\QuotationAKPTruck.rpt:There are too many characters in this string.
03/09/2563, 9:15:05, 4, 0, D:\Source\AKPApp\VisualStudio6\BWG\BWG_App\Reports\QuotationAKPTruck.rpt:There are too many characters in this string.
03/09/2563, 9:15:05, 4, 0, D:\Source\AKPApp\VisualStudio6\BWG\BWG_App\Reports\QuotationAKPTruck.rpt:There are too many characters in this string.
03/09/2563, 9:21:24, 4, 0, D:\Source\AKPApp\VisualStudio6\BWG\BWG_App\Reports\QuotationAKPTruck.rpt:There are too many characters in this string.
03/09/2563, 9:21:24, 4, 0, D:\Source\AKPApp\VisualStudio6\BWG\BWG_App\Reports\QuotationAKPTruck.rpt:There are too many characters in this string.
03/09/2563, 9:21:24, 4, 0, D:\Source\AKPApp\VisualStudio6\BWG\BWG_App\Reports\QuotationAKPTruck.rpt:There are too many characters in this string.
03/09/2563, 9:44:38, 4, 0, D:\Source\AKPApp\VisualStudio6\BWG\BWG_App\Reports\QuotationAKPTruck.rpt:There are too many characters in this string.
03/09/2563, 9:44:38, 4, 0, D:\Source\AKPApp\VisualStudio6\BWG\BWG_App\Reports\QuotationAKPTruck.rpt:There are too many characters in this string.
03/09/2563, 9:44:38, 4, 0, D:\Source\AKPApp\VisualStudio6\BWG\BWG_App\Reports\QuotationAKPTruck.rpt:There are too many characters in this string.
09/10/2563, 13:16:37, 4, 0, D:\Source\AKPApp\VisualStudio6\BWG\BWG_App\reports\FIN15Aold.rpt:Error detected by database DLL.
09/10/2563, 13:21:39, 4, 0, D:\Source\AKPApp\VisualStudio6\BWG\BWG_App\reports\FIN15Aold.rpt:Error detected by database DLL.
22/10/2563, 11:00:19, 4, 0, D:\Source\AKPApp\VisualStudio6\BWG\BWG_App\reports\FIN15A.rpt:Error detected by database DLL.
22/10/2563, 11:05:09, 4, 0, D:\Source\AKPApp\VisualStudio6\BWG\BWG_App\reports\FIN15A.rpt:This field name is not known.
22/10/2563, 11:05:09, 4, 0, D:\Source\AKPApp\VisualStudio6\BWG\BWG_App\reports\FIN15A.rpt:This field name is not known.
22/10/2563, 11:05:09, 4, 0, D:\Source\AKPApp\VisualStudio6\BWG\BWG_App\reports\FIN15A.rpt:This field name is not known.
22/10/2563, 11:05:18, 4, 0, D:\Source\AKPApp\VisualStudio6\BWG\BWG_App\reports\FIN15A.rpt:This field name is not known.
22/10/2563, 11:05:18, 4, 0, D:\Source\AKPApp\VisualStudio6\BWG\BWG_App\reports\FIN15A.rpt:This field name is not known.
22/10/2563, 11:05:18, 4, 0, D:\Source\AKPApp\VisualStudio6\BWG\BWG_App\reports\FIN15A.rpt:This field name is not known.
22/10/2563, 11:06:00, 4, 0, D:\Source\AKPApp\VisualStudio6\BWG\BWG_App\reports\FIN15A.rpt:Error detected by database DLL.
22/10/2563, 11:07:08, 4, 0, D:\Source\AKPApp\VisualStudio6\BWG\BWG_App\reports\FIN15A.rpt:Error detected by database DLL.
22/10/2563, 11:07:50, 4, 0, D:\Source\AKPApp\VisualStudio6\BWG\BWG_App\reports\FIN15A.rpt:Error detected by database DLL.
22/10/2563, 11:08:04, 4, 0, D:\Source\AKPApp\VisualStudio6\BWG\BWG_App\reports\FIN15A.rpt:Error detected by database DLL.
22/10/2563, 11:08:17, 4, 0, D:\Source\AKPApp\VisualStudio6\BWG\BWG_App\reports\FIN15A.rpt:Error detected by database DLL.
22/10/2563, 11:10:19, 4, 0, D:\Source\AKPApp\VisualStudio6\BWG\BWG_App\reports\FIN15A.rpt:Error detected by database DLL.
22/10/2563, 11:10:58, 4, 0, D:\Source\AKPApp\VisualStudio6\BWG\BWG_App\reports\FIN15A.rpt:Error detected by database DLL.
22/10/2563, 11:11:09, 4, 0, D:\Source\AKPApp\VisualStudio6\BWG\BWG_App\reports\FIN15A.rpt:Error detected by database DLL.
22/10/2563, 11:11:28, 4, 0, D:\Source\AKPApp\VisualStudio6\BWG\BWG_App\reports\FIN15A.rpt:Error detected by database DLL.
22/10/2563, 11:11:31, 4, 0, D:\Source\AKPApp\VisualStudio6\BWG\BWG_App\reports\FIN15A.rpt:Error detected by database DLL.
22/10/2563, 11:11:54, 4, 0, D:\Source\AKPApp\VisualStudio6\BWG\BWG_App\reports\FIN15A.rpt:Error detected by database DLL.
22/10/2563, 11:12:41, 4, 0, D:\Source\AKPApp\VisualStudio6\BWG\BWG_App\reports\FIN15A.rpt:Error detected by database DLL.
22/10/2563, 11:19:39, 4, 0, D:\Source\AKPApp\VisualStudio6\BWG\BWG_App\reports\FIN15A.rpt:The summary / running total field could not be created.
22/10/2563, 11:19:39, 4, 0, D:\Source\AKPApp\VisualStudio6\BWG\BWG_App\reports\FIN15A.rpt:The summary / running total field could not be created.
22/10/2563, 11:19:39, 4, 0, D:\Source\AKPApp\VisualStudio6\BWG\BWG_App\reports\FIN15A.rpt:The summary / running total field could not be created.
22/10/2563, 11:22:15, 4, 0, D:\Source\AKPApp\VisualStudio6\BWG\BWG_App\reports\FIN15A.rpt:The summary / running total field could not be created.
22/10/2563, 11:22:15, 4, 0, D:\Source\AKPApp\VisualStudio6\BWG\BWG_App\reports\FIN15A.rpt:The summary / running total field could not be created.
22/10/2563, 11:22:15, 4, 0, D:\Source\AKPApp\VisualStudio6\BWG\BWG_App\reports\FIN15A.rpt:The summary / running total field could not be created.
10/11/2563, 9:47:24, 4, 0, D:\Source\AKPApp\VisualStudio6\BWG\BWG_App\reports\PR01.rpt:Error detected by database DLL.
10/11/2563, 9:48:03, 4, 0, D:\Source\AKPApp\VisualStudio6\BWG\BWG_App\reports\PR01.rpt:Error detected by database DLL.
10/11/2563, 9:48:53, 4, 0, D:\Source\AKPApp\VisualStudio6\BWG\BWG_App\reports\PR01.rpt:Error detected by database DLL.
04/02/2564, 9:40:49, 4, 0, D:\Source\AKPApp\VisualStudio6\BWG\BWG_App\reports\FIN09_2.rpt:Error detected by database DLL.
04/02/2564, 9:40:52, 4, 0, D:\Source\AKPApp\VisualStudio6\BWG\BWG_App\reports\FIN09_2.rpt:Error detected by database DLL.
04/02/2564, 9:41:02, 4, 0, D:\Source\AKPApp\VisualStudio6\BWG\BWG_App\reports\FIN09_2.rpt:Error detected by database DLL.
04/02/2564, 9:45:38, 4, 0, D:\Source\AKPApp\VisualStudio6\BWG\BWG_App\reports\FIN09_2.rpt:Error detected by database DLL.
04/02/2564, 9:46:35, 4, 0, D:\Source\AKPApp\VisualStudio6\BWG\BWG_App\reports\FIN09_2.rpt:Error detected by database DLL.
04/02/2564, 9:46:37, 4, 0, D:\Source\AKPApp\VisualStudio6\BWG\BWG_App\reports\FIN09_2.rpt:Error detected by database DLL.
04/02/2564, 9:48:07, 4, 0, D:\Source\AKPApp\VisualStudio6\BWG\BWG_App\reports\FIN09_2.rpt:Error detected by database DLL.
04/02/2564, 9:48:32, 4, 0, D:\Source\AKPApp\VisualStudio6\BWG\BWG_App\reports\FIN09_2.rpt:Error detected by database DLL.
04/02/2564, 9:48:52, 4, 0, D:\Source\AKPApp\VisualStudio6\BWG\BWG_App\reports\FIN09_2.rpt:Error detected by database DLL.
04/02/2564, 9:48:56, 4, 0, D:\Source\AKPApp\VisualStudio6\BWG\BWG_App\reports\FIN09_2.rpt:Error detected by database DLL.
04/02/2564, 9:48:57, 4, 0, D:\Source\AKPApp\VisualStudio6\BWG\BWG_App\reports\FIN09_2.rpt:Error detected by database DLL.
04/02/2564, 9:48:58, 4, 0, D:\Source\AKPApp\VisualStudio6\BWG\BWG_App\reports\FIN09_2.rpt:Error detected by database DLL.
04/02/2564, 9:48:59, 4, 0, D:\Source\AKPApp\VisualStudio6\BWG\BWG_App\reports\FIN09_2.rpt:Error detected by database DLL.
04/02/2564, 9:48:59, 4, 0, D:\Source\AKPApp\VisualStudio6\BWG\BWG_App\reports\FIN09_2.rpt:Error detected by database DLL.
04/02/2564, 9:55:39, 4, 0, D:\Source\AKPApp\VisualStudio6\BWG\BWG_App\reports\FIN09_2.rpt:Error detected by database DLL.
04/02/2564, 9:55:43, 4, 0, D:\Source\AKPApp\VisualStudio6\BWG\BWG_App\reports\FIN09_2.rpt:Error detected by database DLL.
04/02/2564, 9:55:44, 4, 0, D:\Source\AKPApp\VisualStudio6\BWG\BWG_App\reports\FIN09_2.rpt:Error detected by database DLL.
04/02/2564, 10:00:26, 4, 0, D:\Source\AKPApp\VisualStudio6\BWG\BWG_App\reports\FIN09_2.rpt:Error detected by database DLL.
12/03/2564, 10:01:38, 4, 0, :File not found.
12/03/2564, 10:01:38, 4, 0, :File not found.
01/04/2564, 16:23:27, 4, 0, D:\Source\AKPApp\VisualStudio6\BWG\BWG_App\reports\FIN13_A.rpt:Error detected by database DLL.
01/04/2564, 16:24:49, 4, 0, D:\Source\AKPApp\VisualStudio6\BWG\BWG_App\reports\FIN13_A.rpt:Error detected by database DLL.
01/04/2564, 16:28:01, 4, 0, D:\Source\AKPApp\VisualStudio6\BWG\BWG_App\reports\FIN13_A.rpt:Error detected by database DLL.
24/04/2564, 10:00:15, 4, 0, D:\Source\AKPApp\VisualStudio6\BWG\BWG_App\reports\CRBigbag.rpt:Error detected by database DLL.
24/04/2564, 10:00:18, 4, 0, D:\Source\AKPApp\VisualStudio6\BWG\BWG_App\reports\CRBigbag.rpt:Error detected by database DLL.
24/04/2564, 10:05:04, 4, 0, D:\Source\AKPApp\VisualStudio6\BWG\BWG_App\reports\CRBigbag.rpt:Error detected by database DLL.
06/09/2564, 8:18:36, 4, 0, D:\Source\AKPApp\VisualStudio6\BWG\BWG_App\reports\TRN03A.rpt:A string can be at most 254 characters long.
06/09/2564, 8:37:44, 4, 0, D:\Source\AKPApp\VisualStudio6\BWG\BWG_App\reports\TRN03A.rpt:A string can be at most 254 characters long.
16/11/2564, 10:42:07, 4, 0, D:\Source\AKPApp\VisualStudio6\BWG\BWG_App\reports\QU004.rpt:Error detected by database DLL.
16/11/2564, 10:54:12, 4, 0, D:\Source\AKPApp\VisualStudio6\BWG\BWG_App\reports\auction.rpt:This field name is not known.
16/11/2564, 10:54:12, 4, 0, D:\Source\AKPApp\VisualStudio6\BWG\BWG_App\reports\auction.rpt:This field name is not known.
16/11/2564, 10:54:12, 4, 0, D:\Source\AKPApp\VisualStudio6\BWG\BWG_App\reports\auction.rpt:This field name is not known.
16/11/2564, 10:54:47, 4, 0, D:\Source\AKPApp\VisualStudio6\BWG\BWG_App\reports\auction.rpt:This field name is not known.
16/11/2564, 10:54:47, 4, 0, D:\Source\AKPApp\VisualStudio6\BWG\BWG_App\reports\auction.rpt:This field name is not known.
16/11/2564, 10:54:47, 4, 0, D:\Source\AKPApp\VisualStudio6\BWG\BWG_App\reports\auction.rpt:This field name is not known.
22/11/2564, 15:02:19, 4, 0, D:\Source\AKPApp\VisualStudio6\BWG\BWG_App\Reports\QuotationAKP4.rpt:Error detected by database DLL.
22/11/2564, 15:07:05, 4, 0, D:\Source\AKPApp\VisualStudio6\BWG\BWG_App\Reports\QuotationAKP4.rpt:Error detected by database DLL.
22/11/2564, 15:08:41, 4, 0, D:\Source\AKPApp\VisualStudio6\BWG\BWG_App\Reports\QuotationAKP4.rpt:Error detected by database DLL.
08/12/2564, 14:00:54, 4, 0, D:\Source\AKPApp\VisualStudio6\BWG\BWG_App\Reports\QuotationAKP2.rpt:Error detected by database DLL.
08/12/2564, 14:00:57, 4, 0, D:\Source\AKPApp\VisualStudio6\BWG\BWG_App\Reports\QuotationAKP2.rpt:Error detected by database DLL.
08/12/2564, 14:03:14, 4, 0, D:\Source\AKPApp\VisualStudio6\BWG\BWG_App\Reports\QuotationAKP2.rpt:Error detected by database DLL.
16/12/2564, 8:18:44, 4, 0, D:\Source\AKPApp\VisualStudio6\BWG\BWG_App\reports\TRN03A.rpt:A string can be at most 254 characters long.
16/12/2564, 8:18:45, 4, 0, D:\Source\AKPApp\VisualStudio6\BWG\BWG_App\reports\TRN03A.rpt:A string can be at most 254 characters long.
16/12/2564, 8:18:46, 4, 0, D:\Source\AKPApp\VisualStudio6\BWG\BWG_App\reports\TRN03A.rpt:A string can be at most 254 characters long.
16/12/2564, 8:18:47, 4, 0, D:\Source\AKPApp\VisualStudio6\BWG\BWG_App\reports\TRN03A.rpt:A string can be at most 254 characters long.
16/12/2564, 8:18:47, 4, 0, D:\Source\AKPApp\VisualStudio6\BWG\BWG_App\reports\TRN03A.rpt:A string can be at most 254 characters long.
16/12/2564, 8:18:47, 4, 0, D:\Source\AKPApp\VisualStudio6\BWG\BWG_App\reports\TRN03A.rpt:A string can be at most 254 characters long.
16/12/2564, 8:18:47, 4, 0, D:\Source\AKPApp\VisualStudio6\BWG\BWG_App\reports\TRN03A.rpt:A string can be at most 254 characters long.
16/12/2564, 8:18:51, 4, 0, D:\Source\AKPApp\VisualStudio6\BWG\BWG_App\reports\TRN03A.rpt:A string can be at most 254 characters long.
16/12/2564, 8:18:51, 4, 0, D:\Source\AKPApp\VisualStudio6\BWG\BWG_App\reports\TRN03A.rpt:A string can be at most 254 characters long.
16/12/2564, 8:18:51, 4, 0, D:\Source\AKPApp\VisualStudio6\BWG\BWG_App\reports\TRN03A.rpt:A string can be at most 254 characters long.
16/12/2564, 8:18:52, 4, 0, D:\Source\AKPApp\VisualStudio6\BWG\BWG_App\reports\TRN03A.rpt:A string can be at most 254 characters long.
16/12/2564, 8:18:52, 4, 0, D:\Source\AKPApp\VisualStudio6\BWG\BWG_App\reports\TRN03A.rpt:A string can be at most 254 characters long.
16/12/2564, 8:18:52, 4, 0, D:\Source\AKPApp\VisualStudio6\BWG\BWG_App\reports\TRN03A.rpt:A string can be at most 254 characters long.
16/12/2564, 8:18:53, 4, 0, D:\Source\AKPApp\VisualStudio6\BWG\BWG_App\reports\TRN03A.rpt:A string can be at most 254 characters long.
16/12/2564, 8:35:54, 4, 0, D:\Source\AKPApp\VisualStudio6\BWG\BWG_App\reports\TRN03A.rpt:A string can be at most 254 characters long.
16/12/2564, 8:36:38, 4, 0, D:\Source\AKPApp\VisualStudio6\BWG\BWG_App\reports\TRN03A.rpt:A string can be at most 254 characters long.
16/12/2564, 8:36:39, 4, 0, D:\Source\AKPApp\VisualStudio6\BWG\BWG_App\reports\TRN03A.rpt:A string can be at most 254 characters long.
16/12/2564, 8:41:43, 4, 0, D:\Source\AKPApp\VisualStudio6\BWG\BWG_App\reports\TRN03A.rpt:A string can be at most 254 characters long.
16/12/2564, 8:41:44, 4, 0, D:\Source\AKPApp\VisualStudio6\BWG\BWG_App\reports\TRN03A.rpt:A string can be at most 254 characters long.
16/12/2564, 8:41:45, 4, 0, D:\Source\AKPApp\VisualStudio6\BWG\BWG_App\reports\TRN03A.rpt:A string can be at most 254 characters long.
16/12/2564, 8:47:08, 4, 0, D:\Source\AKPApp\VisualStudio6\BWG\BWG_App\reports\TRN03A.rpt:A string can be at most 254 characters long.
16/12/2564, 8:47:08, 4, 0, D:\Source\AKPApp\VisualStudio6\BWG\BWG_App\reports\TRN03A.rpt:A string can be at most 254 characters long.
16/12/2564, 8:49:01, 4, 0, D:\Source\AKPApp\VisualStudio6\BWG\BWG_App\reports\TRN03A.rpt:A string can be at most 254 characters long.
16/12/2564, 8:49:01, 4, 0, D:\Source\AKPApp\VisualStudio6\BWG\BWG_App\reports\TRN03A.rpt:A string can be at most 254 characters long.
16/12/2564, 8:49:01, 4, 0, D:\Source\AKPApp\VisualStudio6\BWG\BWG_App\reports\TRN03A.rpt:A string can be at most 254 characters long.
16/12/2564, 8:51:33, 4, 0, D:\Source\AKPApp\VisualStudio6\BWG\BWG_App\reports\TRN03A.rpt:A string can be at most 254 characters long.
16/12/2564, 8:51:34, 4, 0, D:\Source\AKPApp\VisualStudio6\BWG\BWG_App\reports\TRN03A.rpt:A string can be at most 254 characters long.
16/12/2564, 8:56:51, 4, 0, D:\Source\AKPApp\VisualStudio6\BWG\BWG_App\reports\TRN03A.rpt:A string can be at most 254 characters long.
16/06/2565, 14:25:40, 4, 0, D:\Source\AKPApp\VisualStudio6\BWG\BWG_App\Reports\QuotationAKP.rpt:The matching " for this string is missing.
16/06/2565, 14:25:40, 4, 0, D:\Source\AKPApp\VisualStudio6\BWG\BWG_App\Reports\QuotationAKP.rpt:The matching " for this string is missing.
16/06/2565, 14:25:40, 4, 0, D:\Source\AKPApp\VisualStudio6\BWG\BWG_App\Reports\QuotationAKP.rpt:The matching " for this string is missing.
16/06/2565, 14:27:24, 4, 0, D:\Source\AKPApp\VisualStudio6\BWG\BWG_App\Reports\QuotationAKP.rpt:The matching " for this string is missing.
16/06/2565, 14:27:24, 4, 0, D:\Source\AKPApp\VisualStudio6\BWG\BWG_App\Reports\QuotationAKP.rpt:The matching " for this string is missing.
16/06/2565, 14:27:24, 4, 0, D:\Source\AKPApp\VisualStudio6\BWG\BWG_App\Reports\QuotationAKP.rpt:The matching " for this string is missing.
16/06/2565, 14:30:14, 4, 0, D:\Source\AKPApp\VisualStudio6\BWG\BWG_App\Reports\QuotationAKP.rpt:The matching " for this string is missing.
16/06/2565, 14:30:14, 4, 0, D:\Source\AKPApp\VisualStudio6\BWG\BWG_App\Reports\QuotationAKP.rpt:The matching " for this string is missing.
16/06/2565, 14:30:14, 4, 0, D:\Source\AKPApp\VisualStudio6\BWG\BWG_App\Reports\QuotationAKP.rpt:The matching " for this string is missing.
16/06/2565, 14:30:19, 4, 0, D:\Source\AKPApp\VisualStudio6\BWG\BWG_App\Reports\QuotationAKP.rpt:The matching " for this string is missing.
16/06/2565, 14:30:19, 4, 0, D:\Source\AKPApp\VisualStudio6\BWG\BWG_App\Reports\QuotationAKP.rpt:The matching " for this string is missing.
16/06/2565, 14:30:19, 4, 0, D:\Source\AKPApp\VisualStudio6\BWG\BWG_App\Reports\QuotationAKP.rpt:The matching " for this string is missing.
16/06/2565, 14:34:19, 4, 0, D:\Source\AKPApp\VisualStudio6\BWG\BWG_App\Reports\QuotationAKP.rpt:The matching " for this string is missing.
16/06/2565, 14:34:19, 4, 0, D:\Source\AKPApp\VisualStudio6\BWG\BWG_App\Reports\QuotationAKP.rpt:The matching " for this string is missing.
16/06/2565, 14:34:19, 4, 0, D:\Source\AKPApp\VisualStudio6\BWG\BWG_App\Reports\QuotationAKP.rpt:The matching " for this string is missing.
16/06/2565, 14:34:24, 4, 0, D:\Source\AKPApp\VisualStudio6\BWG\BWG_App\Reports\QuotationAKP.rpt:The matching " for this string is missing.
16/06/2565, 14:34:24, 4, 0, D:\Source\AKPApp\VisualStudio6\BWG\BWG_App\Reports\QuotationAKP.rpt:The matching " for this string is missing.
16/06/2565, 14:34:24, 4, 0, D:\Source\AKPApp\VisualStudio6\BWG\BWG_App\Reports\QuotationAKP.rpt:The matching " for this string is missing.
16/06/2565, 14:36:16, 4, 0, D:\Source\AKPApp\VisualStudio6\BWG\BWG_App\Reports\QuotationAKP.rpt:The matching " for this string is missing.
16/06/2565, 14:36:16, 4, 0, D:\Source\AKPApp\VisualStudio6\BWG\BWG_App\Reports\QuotationAKP.rpt:The matching " for this string is missing.
16/06/2565, 14:36:16, 4, 0, D:\Source\AKPApp\VisualStudio6\BWG\BWG_App\Reports\QuotationAKP.rpt:The matching " for this string is missing.
16/06/2565, 14:38:11, 4, 0, D:\Source\AKPApp\VisualStudio6\BWG\BWG_App\Reports\QuotationAKP.rpt:The matching " for this string is missing.
16/06/2565, 14:38:11, 4, 0, D:\Source\AKPApp\VisualStudio6\BWG\BWG_App\Reports\QuotationAKP.rpt:The matching " for this string is missing.
16/06/2565, 14:38:11, 4, 0, D:\Source\AKPApp\VisualStudio6\BWG\BWG_App\Reports\QuotationAKP.rpt:The matching " for this string is missing.
16/06/2565, 14:42:35, 4, 0, D:\Source\AKPApp\VisualStudio6\BWG\BWG_App\Reports\QuotationAKP.rpt:The matching " for this string is missing.
16/06/2565, 14:42:35, 4, 0, D:\Source\AKPApp\VisualStudio6\BWG\BWG_App\Reports\QuotationAKP.rpt:The matching " for this string is missing.
16/06/2565, 14:42:35, 4, 0, D:\Source\AKPApp\VisualStudio6\BWG\BWG_App\Reports\QuotationAKP.rpt:The matching " for this string is missing.
16/06/2565, 14:48:54, 4, 0, D:\Source\AKPApp\VisualStudio6\BWG\BWG_App\Reports\QuotationAKP.rpt:The matching " for this string is missing.
16/06/2565, 14:48:54, 4, 0, D:\Source\AKPApp\VisualStudio6\BWG\BWG_App\Reports\QuotationAKP.rpt:The matching " for this string is missing.
16/06/2565, 14:48:54, 4, 0, D:\Source\AKPApp\VisualStudio6\BWG\BWG_App\Reports\QuotationAKP.rpt:The matching " for this string is missing.
16/06/2565, 14:50:53, 4, 0, D:\Source\AKPApp\VisualStudio6\BWG\BWG_App\Reports\QuotationAKP.rpt:The matching " for this string is missing.
16/06/2565, 14:50:53, 4, 0, D:\Source\AKPApp\VisualStudio6\BWG\BWG_App\Reports\QuotationAKP.rpt:The matching " for this string is missing.
16/06/2565, 14:50:53, 4, 0, D:\Source\AKPApp\VisualStudio6\BWG\BWG_App\Reports\QuotationAKP.rpt:The matching " for this string is missing.
16/06/2565, 14:52:27, 4, 0, D:\Source\AKPApp\VisualStudio6\BWG\BWG_App\Reports\QuotationAKP.rpt:The matching " for this string is missing.
16/06/2565, 14:52:27, 4, 0, D:\Source\AKPApp\VisualStudio6\BWG\BWG_App\Reports\QuotationAKP.rpt:The matching " for this string is missing.
16/06/2565, 14:52:27, 4, 0, D:\Source\AKPApp\VisualStudio6\BWG\BWG_App\Reports\QuotationAKP.rpt:The matching " for this string is missing.
16/06/2565, 14:52:43, 4, 0, D:\Source\AKPApp\VisualStudio6\BWG\BWG_App\Reports\QuotationAKP.rpt:The matching " for this string is missing.
16/06/2565, 14:52:43, 4, 0, D:\Source\AKPApp\VisualStudio6\BWG\BWG_App\Reports\QuotationAKP.rpt:The matching " for this string is missing.
16/06/2565, 14:52:43, 4, 0, D:\Source\AKPApp\VisualStudio6\BWG\BWG_App\Reports\QuotationAKP.rpt:The matching " for this string is missing.
11/22/2022, 3:31:02 PM, 4, 0, \\192.168.1.2\M Program\Source\AKPApp\VisualStudio6\BWG\BWG_App\reports\ManifestBill.rpt:Error starting print job. Please check your printer or network connection.
11/22/2022, 3:32:08 PM, 4, 0, \\192.168.1.2\M Program\Source\AKPApp\VisualStudio6\BWG\BWG_App\reports\ManifestBill.rpt:Error starting print job. Please check your printer or network connection.
11/22/2022, 3:52:39 PM, 4, 0, \\192.168.1.2\M Program\Source\AKPApp\VisualStudio6\BWG\BWG_App\reports\ManifestBill.rpt:Error starting print job. Please check your printer or network connection.
11/22/2022, 4:27:56 PM, 4, 0, \\192.168.1.2\M Program\Source\AKPApp\VisualStudio6\BWG\BWG_App\reports\ManifestBill.rpt:Error starting print job. Please check your printer or network connection.
16/01/2566, 15:37:37, 4, 0, \\192.168.1.2\M Program\Source\AKPApp\VisualStudio6\BWG\BWG_App\reports\CR061.rpt:The remaining text does not appear to be part of the formula.
16/01/2566, 15:39:07, 4, 0, \\192.168.1.2\M Program\Source\AKPApp\VisualStudio6\BWG\BWG_App\reports\CR061.rpt:The remaining text does not appear to be part of the formula.
16/01/2566, 15:41:29, 4, 0, \\192.168.1.2\M Program\Source\AKPApp\VisualStudio6\BWG\BWG_App\reports\CR061.rpt:The remaining text does not appear to be part of the formula.
16/01/2566, 15:42:59, 4, 0, \\192.168.1.2\M Program\Source\AKPApp\VisualStudio6\BWG\BWG_App\reports\CR061.rpt:The remaining text does not appear to be part of the formula.
16/01/2566, 15:43:51, 4, 0, \\192.168.1.2\M Program\Source\AKPApp\VisualStudio6\BWG\BWG_App\reports\CR061.rpt:The remaining text does not appear to be part of the formula.
16/01/2566, 15:44:43, 4, 0, \\192.168.1.2\M Program\Source\AKPApp\VisualStudio6\BWG\BWG_App\reports\CR061.rpt:The remaining text does not appear to be part of the formula.
16/01/2566, 15:46:52, 4, 0, \\192.168.1.2\M Program\Source\AKPApp\VisualStudio6\BWG\BWG_App\reports\CR061.rpt:Server has not yet been opened.
16/01/2566, 15:49:12, 4, 0, \\192.168.1.2\M Program\Source\AKPApp\VisualStudio6\BWG\BWG_App\reports\CR061.rpt:Server has not yet been opened.
16/01/2566, 15:50:20, 4, 0, \\192.168.1.2\M Program\Source\AKPApp\VisualStudio6\BWG\BWG_App\reports\CR061.rpt:Server has not yet been opened.
16/01/2566, 15:55:20, 4, 0, \\192.168.1.2\M Program\Source\AKPApp\VisualStudio6\BWG\BWG_App\reports\CR061.rpt:Server has not yet been opened.
25/01/2566, 15:58:24, 4, 0, \\192.168.1.2\M Program\Source\AKPApp\VisualStudio6\BWG\BWG_App\Reports\QuotationAKP.rpt:The matching " for this string is missing.
25/01/2566, 15:58:24, 4, 0, \\192.168.1.2\M Program\Source\AKPApp\VisualStudio6\BWG\BWG_App\Reports\QuotationAKP.rpt:The matching " for this string is missing.
25/01/2566, 15:58:24, 4, 0, \\192.168.1.2\M Program\Source\AKPApp\VisualStudio6\BWG\BWG_App\Reports\QuotationAKP.rpt:The matching " for this string is missing.
25/01/2566, 15:58:49, 4, 0, \\192.168.1.2\M Program\Source\AKPApp\VisualStudio6\BWG\BWG_App\Reports\QuotationAKP.rpt:The matching " for this string is missing.
25/01/2566, 15:58:49, 4, 0, \\192.168.1.2\M Program\Source\AKPApp\VisualStudio6\BWG\BWG_App\Reports\QuotationAKP.rpt:The matching " for this string is missing.
25/01/2566, 15:58:49, 4, 0, \\192.168.1.2\M Program\Source\AKPApp\VisualStudio6\BWG\BWG_App\Reports\QuotationAKP.rpt:The matching " for this string is missing.
25/01/2566, 15:59:25, 4, 0, \\192.168.1.2\M Program\Source\AKPApp\VisualStudio6\BWG\BWG_App\Reports\QuotationAKP.rpt:The matching " for this string is missing.
25/01/2566, 15:59:25, 4, 0, \\192.168.1.2\M Program\Source\AKPApp\VisualStudio6\BWG\BWG_App\Reports\QuotationAKP.rpt:The matching " for this string is missing.
25/01/2566, 15:59:25, 4, 0, \\192.168.1.2\M Program\Source\AKPApp\VisualStudio6\BWG\BWG_App\Reports\QuotationAKP.rpt:The matching " for this string is missing.
27/6/2023, 16:58:58, 4, 0, D:\M Program\Source\AKPApp\VisualStudio6\BWG\BWG_App\reports\CustInvoice_PRE.rpt:The matching " for this string is missing.
27/6/2023, 17:01:26, 4, 0, D:\M Program\Source\AKPApp\VisualStudio6\BWG\BWG_App\reports\CustInvoice_PRE.rpt:The matching " for this string is missing.
27/6/2023, 17:01:29, 4, 0, D:\M Program\Source\AKPApp\VisualStudio6\BWG\BWG_App\reports\CustInvoice_PRE.rpt:The matching " for this string is missing.
27/6/2023, 17:06:40, 4, 0, D:\M Program\Source\AKPApp\VisualStudio6\BWG\BWG_App\reports\CustInvoice_PRE.rpt:The matching " for this string is missing.
27/6/2023, 17:08:50, 4, 0, D:\M Program\Source\AKPApp\VisualStudio6\BWG\BWG_App\reports\CustInvoice_PRE.rpt:The matching " for this string is missing.
27/6/2023, 17:11:41, 4, 0, D:\M Program\Source\AKPApp\VisualStudio6\BWG\BWG_App\reports\CustInvoice_PRE.rpt:The matching " for this string is missing.
27/6/2023, 17:11:46, 4, 0, D:\M Program\Source\AKPApp\VisualStudio6\BWG\BWG_App\reports\CustInvoice_PRE.rpt:The matching " for this string is missing.
27/6/2023, 17:14:05, 4, 0, D:\M Program\Source\AKPApp\VisualStudio6\BWG\BWG_App\reports\CustInvoice_PRE.rpt:The matching " for this string is missing.
27/6/2023, 17:18:36, 4, 0, D:\M Program\Source\AKPApp\VisualStudio6\BWG\BWG_App\reports\CustInvoice_PRE.rpt:The matching " for this string is missing.
27/6/2023, 17:25:37, 4, 0, D:\M Program\Source\AKPApp\VisualStudio6\BWG\BWG_App\reports\CustInvoice_PRE.rpt:The matching " for this string is missing.
27/6/2023, 17:25:42, 4, 0, D:\M Program\Source\AKPApp\VisualStudio6\BWG\BWG_App\reports\CustInvoice_PRE.rpt:The matching " for this string is missing.
4/9/2023, 11:23:16, 4, 0, :File not found.
4/9/2023, 11:23:16, 4, 0, :File not found.
4/9/2023, 11:25:47, 4, 0, D:\M Program\Source\AKPApp\VisualStudio6\BWG\BWG_App\reports\TRN18.rpt:Error detected by database DLL.
4/9/2023, 11:25:52, 4, 0, D:\M Program\Source\AKPApp\VisualStudio6\BWG\BWG_App\reports\TRN18.rpt:Error detected by database DLL.
4/9/2023, 11:25:52, 4, 0, D:\M Program\Source\AKPApp\VisualStudio6\BWG\BWG_App\reports\TRN18.rpt:Error detected by database DLL.
4/9/2023, 11:25:56, 4, 0, D:\M Program\Source\AKPApp\VisualStudio6\BWG\BWG_App\reports\TRN18.rpt:Error detected by database DLL.
4/9/2023, 11:26:30, 4, 0, D:\M Program\Source\AKPApp\VisualStudio6\BWG\BWG_App\reports\TRN18.rpt:Error detected by database DLL.
12/18/2023, 10:19:25 AM, 4, 0, D:\M Program\Source\AKPApp\VisualStudio6\BWG\BWG_App\reports\FIN15B.rpt:Error detected by database DLL.
12/18/2023, 10:59:53 AM, 4, 0, D:\M Program\Source\AKPApp\VisualStudio6\BWG\BWG_App\reports\FIN15B.rpt:Error detected by database DLL.
12/18/2023, 11:00:43 AM, 4, 0, D:\M Program\Source\AKPApp\VisualStudio6\BWG\BWG_App\reports\FIN15B.rpt:Error detected by database DLL.
12/18/2023, 11:00:47 AM, 4, 0, D:\M Program\Source\AKPApp\VisualStudio6\BWG\BWG_App\reports\FIN15B.rpt:Error detected by database DLL.
12/18/2023, 11:01:21 AM, 4, 0, D:\M Program\Source\AKPApp\VisualStudio6\BWG\BWG_App\reports\FIN15B.rpt:Error detected by database DLL.
12/18/2023, 11:01:51 AM, 4, 0, D:\M Program\Source\AKPApp\VisualStudio6\BWG\BWG_App\reports\FIN15B.rpt:Error detected by database DLL.
3/15/2024, 1:45:15 PM, 4, 0, D:\M Program\Source\AKPApp\VisualStudio6\BWG\BWG_App\reports\CustInvoice_PRE.rpt:The remaining text does not appear to be part of the formula.
3/15/2024, 1:45:25 PM, 4, 0, D:\M Program\Source\AKPApp\VisualStudio6\BWG\BWG_App\reports\CustInvoice_PRE.rpt:The remaining text does not appear to be part of the formula.
5/17/2024, 1:52:09 PM, 4, 0, D:\M Program\Source\AKPApp\VisualStudio6\BWG\BWG_App\Reports\QuotationAKP.rpt:Error detected by database DLL.
5/17/2024, 1:54:11 PM, 4, 0, D:\M Program\Source\AKPApp\VisualStudio6\BWG\BWG_App\Reports\QuotationAKP.rpt:Error detected by database DLL.
30/5/2567, 15:33:48, 4, 0, D:\M Program\Source\AKPApp\VisualStudio6\BWG\BWG_App\reports\CustInvoice_AKP.rpt:The matching " for this string is missing.
9/24/2024, 8:06:39 AM, 4, 0, D:\M Program\Source\AKPApp\VisualStudio6\BWG\BWG_App\Reports\QuotationAKPNew.rpt:Error starting print job. Please check your printer or network connection.
10/8/2024, 10:11:07 AM, 4, 0, D:\M Program\Source\AKPApp\VisualStudio6\BWG\BWG_App\reports\CustInvoice_PRE.rpt:The remaining text does not appear to be part of the formula.
10/8/2024, 10:11:16 AM, 4, 0, D:\M Program\Source\AKPApp\VisualStudio6\BWG\BWG_App\reports\CustInvoice_PRE.rpt:The remaining text does not appear to be part of the formula.
10/8/2024, 10:12:49 AM, 4, 0, D:\M Program\Source\AKPApp\VisualStudio6\BWG\BWG_App\reports\CustInvoice_PRE.rpt:The matching " for this string is missing.
7/3/2025, 11:42:07, 4, 0, :File not found.
7/3/2025, 11:46:09, 4, 0, D:\M Program\Source\AKPApp\VisualStudio6\BWG\BWG_App\reports\QUO03_A.rpt:Error starting print job. Please check your printer or network connection.
13/3/2025, 14:20:01, 4, 0, D:\M Program\Source\AKPApp\VisualStudio6\BWG\BWG_App\reports\CustInvoice_AKP.rpt:The matching " for this string is missing.
8/27/2025, 9:24:10 AM, 4, 0, D:\M Program\Source\AKPApp\VisualStudio6\BWG\BWG_App\reports\CR03.rpt:The matching " for this string is missing.
8/27/2025, 9:24:10 AM, 4, 0, D:\M Program\Source\AKPApp\VisualStudio6\BWG\BWG_App\reports\CR03.rpt:The matching " for this string is missing.
8/27/2025, 9:24:10 AM, 4, 0, D:\M Program\Source\AKPApp\VisualStudio6\BWG\BWG_App\reports\CR03.rpt:The matching " for this string is missing.
8/27/2025, 9:33:17 AM, 4, 0, D:\M Program\Source\AKPApp\VisualStudio6\BWG\BWG_App\reports\CR03.rpt:The matching " for this string is missing.
8/27/2025, 9:33:17 AM, 4, 0, D:\M Program\Source\AKPApp\VisualStudio6\BWG\BWG_App\reports\CR03.rpt:The matching " for this string is missing.
8/27/2025, 9:33:17 AM, 4, 0, D:\M Program\Source\AKPApp\VisualStudio6\BWG\BWG_App\reports\CR03.rpt:The matching " for this string is missing.
